border_size=1
usage=map

Gs, Gs^Fds, Gs^Fds, Gs^Ft, Gs^Fds, Ww, Gs, Gg, Gg, Gg, Gg, Gg, Gg, Gg, Gg, Gg, Gg, Gg, Gg, Gg, Gg, Gg, Gg, Gg, Gg, Rp, Gg, Gg^Efm, Gg, Gg, Gg, Gg, Gg, Gg
Gd^Fts, Gs, Gs, Gs^Fds, Gs^Ft, Ww, Ww, Gs, Gs, Gg, Gg, Gg, Gg, Gg, Gg, Gg, Gg, Gg, Gg, Gg, Gg, Gg, Gg, Gg, Gg, Rp, Gg, Gg, Gg, Gg, Gg, Gg, Gg, Gg
Gll^Fmw, Gd^Fts, Gll^Fmw, Gs^Ft, Gs^Ftp, Gs^Ft, Ss, Wwr, Wog, Gs, Gg, Gd^Fts, Gs, Gg, Gg, Gg, Gg, Gg, Gg, Gg, Gg, Gg, Gg, Gg, Gg, Rp, Gg, Gg, Gg, Gg, Gg, Gg, Gg, Gg
Gd^Fts, Gll^Fmw, Gd^Fts, Gll^Fmw, Gd^Fts, Gd^Fts, Ss, Ss, Wog, Gs, Gs, Gd^Fts, Gd^Fts, Gs, Gd^Fetd, Gd^Fts, Gd^Fts, Gg, Gg, Gg, Gs^Fds, Gg, Rp, Rd, Gg, Gg, Gg, Gg, Gg, Gg, Gg, Gg, Gg, Gg
Gll^Fmw, Gd^Fts, Gs^Fms, Gd^Fts, Ss^Vhs, Ss, Wog, Wog, Ss, Ss, Gll^Ftr, Gs, Gll^Ftr, Gd^Fetd, Hhd^Vhhr, Gd^Fetd, Gd^Fts, Gs, Gg, Gg, Gg^Efm, Gs^Vh, Rp, Gg, Gg, Gg, Gg, Gg, Gg, Gg, Gg, Gg, Gg, Gg
Gll^Ftr, Gd^Fts, Ss, Ss, Sm, Ss, Sm^Em, Sm^Em, Ss, Ss, Ss, Gll^Ftr, Ss, Gd^Fts, Rd, Rd, Rd, Gd^Fts, Rd, Gg, Rp, Rp, Gg, Gg, Gg, Gg, Gg, Gg, Gg, Gg, Gg, Gg, Gg, Gg
Gll^Ftr, Ss, Ss, Ss, Wog, Sm, Chs, Ss, Chs, Chs, Ss, Ss, Rb, Ss^Bw/, Gd^Fts, Gs, Gs, Rd, Gg, Rd, Gs^Fds, Rd, Gg, Gg, Gg, Gg, Gg, Gg, Gg, Gg, Gg, Gg, Gg, Wwr
Gll^Ftr, Gll^Ftr, Gll^Ftr, Sm, Sm, Ss, Chs, Ss, 1 Khs, Chs, Chs, Ss, Ss, Ss, Gd^Fts, Gd^Fts, Gs, Gg, Gg, Gg, Gg, Rd, Gg, Gg, Gg, Gg, Gg, Gg, Gg, Gg, Gg, Gg, Gs^Fds, Wwr
Sm, Gll^Ftr, Gll^Ftr, Sm^Em, Sm, Wog, Wog, Chs, Ss^Vhs, Ss, Chs, Ss, Ss, Sm, Ss^Vhs, Gs, Gs, Gg, Gg, Gg, Gg, Gg, Gg, Gg, Gg, Gg, Gg, Gg, Gg, Gg, Gg, Gg, Gs^Fds, Wwr
Gll^Ftr, Sm, Sm, Sm, Sm, Ss, Wog, Chs, Chs, Ss, Ss, Ss, Sm^Em, Ss, Gd^Fts, Gd^Fts, Gd^Fts, Gs, Gs, Gg, Gg, Rd, Gg, Gg, Gg, Gg, Gs^Fds, Gg, Gg, Gg, Gg, Gg, Gg, Gs^Fds
Gll^Ftr, Gll^Ftr, Gll^Ftr, Gll^Ftr, Ss, Ss, Ss, Wog, Ss, Ss, Sm, Sm^Em, Ss, Ss, Gd^Fts, Gd^Fts, Gd^Fts, Gs, Rd, Rd, Rd, Rd, Rd, Gg, Gg, Gs^Fds, Gg, Gs^Fds, Gg, Gg, Gg, Gg, Gg, Gg
Ss, Ss, Sm, Sm, Ss, Sm, Sm, Ss, Ss, Ss, Ss, Ss, Ss, Ss, Ss, Gd^Fts, Gd^Fts, Gd^Fts, Rd, Gs^Fds, Gll^Fmw, Gg, Gg, Gg, Gg, Gg, Gg, Gg, Rd, Gg, Gg^Ve, Gg^Efm, Gg, Gg
Ss, Ss, Ss^Vhs, Ss, Gs^Ft, Gs^Ft, Sm^Em, Sm^Em, Sm^Em, Ss, Wog, Sm, Ss, Sm, Ss, Ss, Rb, Rb, Gg, Gll^Fmf, Gll^Fmf, Gg, Gg, Gg, Gg, Gg, Gg, Gg, Gg, Rd, Rd, Rd, Rd, Gg
Wo, Ss, Gll^Ftr, Gs^Ft, Gll^Ftr, Gs^Ft, Ss, Ss, Ss, Ss, Wog, Ss, Ss, Ss, Sm, Sm, Ss, Rb, Rb, Gs^Fds, Gs^Fds, Gg, Gg, Gg, Gg, Gg, Gg, Gg, Gg, Gg, Gg, Gg, Gg, Gg
Ss, Wo, Wo, Gll^Ftr, Gll^Ftr, Ss^Vhs, Chs, Chs, Sm, Sm^Em, Wog, Ss, Gll^Ftr, Gll^Ftr, Sm, Gll^Ftr, Ss, Ss, Ss, Ss, Sm, Gg, Gg, Gg, Gg, Gg, Gg, Gg, Gg, Gg, Gg, Gg, Gg, Gg
Ss, Ss, Chs, Wo, Wo, Wo, Wo, Ss, Wo, Wo, Wo, Wo, Wo^Bw/r, Sm, Wo, Ss, Ss, Ss, Wwr, Ww, Ww, Sm, Wwr, Wwr, Ww, Gg, Ww, Gg, Gg, Gg, Ww, Gg, Gg, Gg
Ss, Ss, Ss, Ss, Ss, Wo, Wo, Wo, Gll^Ftr, Gll^Ftr, Sm^Em, Sm, Sm, Wo, Ss, Ss, Ss, Ss, Ss, Sm, Ss, Ww, Ww, Ww, Gg, Ww, Ss, Ww, Ww, Ww, Ww, Wwr, Gg, Gg
Sm, Ss, Gll^Ftr, Ss, Ss, Ss, Ss, Ss, Gll^Ftr, Gll^Ftr, Ss, Sm^Em, Ss, Ss, Gll^Ftr, Ss, Ss^Vhs, Ss, Sm, Ss, Sm, Sm, Gg, Gg, Gg, Gg, Gs, Gg, Gg, Gg, Gg, Ww, Ww, Ww
Sm, Gll^Ftr, Gll^Ftr, Gll^Ftr, Sm, Ss, Ss, Ss, Ss, Gll^Ftr, Ss, Sm, Sm, Gll^Ftr, Gll^Ftr, Gll^Ftr, Ss, Ss, Gs^Fds, Sm, Gg, Gg, Gg, Gg, Gg, Gg, Gs, Gs, Gg, Gs^Fms, Gg, Gg, Gg, Gg
Sm, Sm, Sm, Sm, Sm, Gs^Fds, Gll^Fp, Gll^Fmf, Gs^Fds, Sm, Gs^Fds, Gs^Fds, Gll^Fmf, Sm^Em, Sm, Sm, Sm, Sm, Gs^Fds, Gg, Gg, Gg, Gs^Fms, Gg, Gg, Gg, Gg, Gs, Gg, Gg, Gg, Gs^Fms, Gg, Gg
Gs^Fds, Gll^Fp, Gll^Fp, Gs^Fds, Sm, Sm, Gs^Fms, Gs^Fds, Gs^Fms, Sm^Em, Sm, Gs^Fds, Gs^Fds, Gll^Fmf, Gs^Fds, Gs^Fds, Gs^Fds, Gll^Fmf, Gg, Gg, Gg, Gll^Fmf, Gg, Gg, Gg, Gll^Fmf, Gll^Fmf, Gg, Gg, Gg, Gg, Gll^Fmf, Gg, Gg
Gs^Fds, Gs^Fds, Gs^Fms, Gs^Fms, Gs^Ft, Sm, Gs^Ft, Gs^Fms, Gs^Fms, Gs^Fms, Gs^Fms, Gs^Fms, Gll^Fdf, Gs^Fds, Gg, Gg, Gg, Gg, Gg, Gg, Gg, Gg, Gg, Gg, Gg, Gs^Fms, Gg, Gg, Gg, Gg, Gg, Gg, Gg, Gg
Gs^Fms, Gll^Fp, Gs^Fds, Gll^Fdf, Gs^Fms, Sm, Gs^Fms, Gs^Fms, Gs^Fms, Gs^Fms, Gg, Gs^Fms, Gs^Fms, Gs^Fds, Gs^Fms, Gs^Fms, Gs^Fms, Gg, Gg, Gg, Gg, Gg, Gg, Gg, Gs^Fms, Gs^Fms, Gg, Gg, Gg, Gll^Fmf, Gg, Gg, Gg, Gg
Gs^Fds, Gs^Fms, Gs^Fms, Gs^Fds, Gs^Fds, Gs^Fms, Gll^Fp, Gll^Fp, Gll^Fp, Gg, Gg^Ve, Gs^Fms, Gs^Fds, Gll^Fmf, Gll^Fmf, Gs^Fms, Gs^Fms, Gs^Fms, Gs^Fms, Gs^Fms, Gg, Gg, Gg, Gg, Gs^Fms, Gg, Gg, Gg, Gll^Fmf, Gg, Gg, Gg, Gg, Gg
Gs^Fms, Gg^Ve, Gg, Gs^Fms, Gll^Fmf, Gll^Fmf, Gs^Fms, Gs^Fms, Gll^Fp, Gs^Fms, Gs^Fms, Gs^Fds, Gs^Fms, Gs^Fds, Gs^Fds, Gs^Fds, Gs^Fms, Gll^Fmf, Gs^Fms, Gs^Fms, Gg, Gg, Gg, Gg, Gg, Gll^Fmf, Gg, Gll^Fmf, Gg, Gg, Gs^Fms, Gg, Gg, Gg
Gs^Fms, Gs^Fms, Gs^Ft, Gs^Fms, Gs^Fds, Gs^Fds, Gs^Fms, Gs^Fms, Cv, Gll^Fp, Cv, Cv, Cv, Gs^Fms, Gg^Fet, Gs^Fms, Gll^Fp, Gs^Fms, Gs^Fms, Gs^Fms, Gs^Fms, Gg, Gg, Gg, Gg, Gll^Fmf, Gg, Gg, Gg, Gll^Fmf, Gs^Fms, Gll^Fmf, Gll^Fmf, Gg
Gs^Fms, Gs^Fms, Gs^Fms, Gs^Ft, Gs^Fds, Gs^Fms, Cv, Gs^Fms, Gs^Fms, 2 Kv, Gll^Fmf, Gs^Fms, Cv, Gs^Fms, Gs^Fms, Gs^Fms, Gll^Fdf, Gll^Fp, Gs^Fms, Gs^Fms, Gs^Fms, Gs^Fms, Gs^Fms, Gs^Fms, Gll^Fp, Gg, Gg, Gg, Gg, Gg, Gg, Gs^Fms, Gg, Gll^Fmf
Gs^Fms, Gs^Fms, Gs^Fms, Gs^Fds, Gs^Ft, Gs^Fms, Cv, Gg, Gs^Fms, Cv, Cv, Gs^Fms, Cv, Gs^Fms, Gs^Fms, Gs^Fms, Gs^Fms, Gs^Fms, Gs^Ft, Gs^Ft, Gs^Fms, Gs^Fms, Gs^Fms, Gs^Fms, Gs^Fds, Gs^Fms, Gs^Fms, Gg, Gg, Gg, Gg, Gs^Fms, Gs^Fms, Gll^Fmf
Gs^Fms, Gs^Fms, Gs^Fms, Gs^Fds, Gs^Ft, Gs^Fms, Cv, Kv, Cv, Cv, Gs^Fms, Gs^Fms, Cv, Gg, Gs^Fms, Gs^Fms, Gs^Fms, Gs^Fms, Gs^Fds, Gs^Fms, Gll^Fmf, Gs^Fds, Gs^Fms, Gs^Fds, Gs^Fms, Gs^Fds, Gs^Fms, Gs^Fms, Gs^Fms, Gg, Gg, Gll^Fmf, Gll^Fmf, Gg
Gs^Fms, Gs^Fds, Gll^Fdf, Gs^Fms, Gs^Ft, Gs^Fms, Gs^Fms, Gs^Fms, Gs^Fms, Gs^Fms, Gs^Fms, Gs^Fms, Gs^Fms, Gs^Ft, Gs^Fms, Gs^Fms, Gs^Fms, Gs^Fds, Gs^Fms, Gs^Fms, Gs^Fms, Gs^Fms, Gs^Fms, Gs^Fms, Gll^Fp, Gs^Fms, Gs^Fms, Gg, Gg, Gg, Gg, Gg, Gg, Gg
Gs^Fms, Gll^Fp, Gs^Fds, Gs^Fms, Gs^Fms, Gs^Ft, Gs^Fms, Gll^Fmf, Gs^Fms, Gs^Fms, Gs^Ft, Gs^Fms, Gs^Fms, Gs^Fms, Gll^Fp, Gs^Fms, Gs^Fms, Gs^Fms, Gs^Fms, Gll^Fmf, Gs^Fms, Gs^Fms, Gs^Fms, Gs^Fms, Gs^Fds, Gll^Fp, Gs^Fds, Gs^Fms, Gs^Fms, Gs^Fms, Gs^Fms, Gg, Gg, Gg
Gs^Fms, Gs^Fms, Gs^Fds, Gs^Fms, Gs^Fms, Gll^Fp, Gll^Fp, Gll^Fmf, Gs^Fms, Gs^Fms, Gs^Fms, Gs^Fms, Gs^Fms, Gs^Fms, Gs^Fms, Gs^Fms, Gs^Fms, Gs^Fms, Gs^Fms, Gs^Fms, Gg^Ve, Gs^Fms, Gs^Fms, Gs^Fms, Gs^Fms, Gs^Fds, Gll^Fmf, Gs^Fds, Gll^Fp, Gs^Fms, Gs^Fms, Gs^Fms, Gs^Fms, Gg
Gs^Fms, Gll^Fmf, Gs^Fms, Gs^Fds, Gs^Fms, Gs^Fms, Gs^Fms, Gll^Fp, Gs^Ftp, Gs^Fms, Gs^Fms, Gs^Ft, Gs^Fms, Gs^Fms, Gs^Ft, Gs^Ft, Gs^Fms, Gs^Fms, Gs^Fms, Gs^Fms, Gs^Ft, Gg, Gs^Fms, Gs^Fms, Gs^Fms, Gll^Fmf, Gs^Fms, Gs^Fms, Gs^Fms, Gll^Fp, Gs^Fms, Gs^Fms, Gs^Fms, Gs^Fms
Gs^Fms, Gs^Fms, Gll^Fp, Gs^Fds, Gs^Fds, Gs^Fds, Gs^Fms, Gll^Fp, Gs^Fds, Gs^Fds, Gs^Ft, Gg, Gs^Fms, Gs^Fms, Gs^Fms, Gs^Fms, Gs^Fms, Gs^Fds, Gs^Fms, Gs^Fms, Gs^Fms, Gs^Fms, Gg, Gs^Ft, Gs^Fms, Gs^Fms, Gs^Fms, Gs^Fms, Gs^Fms, Gs^Fms, Gs^Fms, Gs^Fds, Gs^Fds, Gs^Fms
