border_size=1
usage=map

Gg, Gg, Gg, Gg, Gg, Gg, Gg, Gg, Gg, Gg, Gg, Rp, Rp, Gg, Gg, Hh, Hh, Hh, Gg, Gg, Gg, Gs^Fds, Gs^Fds, Rd, Gg, Gg, Gg, Gg, Gg, Gg, Gg, Gg, Gg, Gg, Gg, Gg, Wwrg, Wwrt, Ww, Ww, Gs^Fds, Ww, Hh, Gg, Gs^Fds, Wwr, Wwr, Wwrt, Gg, Gg
Gg, Gg, Gg, Gg, Gg, Gg, Gg, Gg, Gg, Gg, Gg, Gg, Gg, Gg, Rp, Gg, Gg, Gg, Gg, Gg, Gg, Gg, Gg, Rd, Gg, Gg, Gg, Gg, Hh, Hh, Hh, Hh, Gg, Gg, Wwrt, Wwrg, Wwr, Wwrt, Gs^Fds, Gs^Fds, Hh, Hh, Gg, Gg, Gg, Ss, Gg, Gg, Gg, Gg
Gg, Hh, Gg, Gg, Gg, Gg, Gg, Gs, Gg, Gg, Gg, Gg, Gg, Gg, Gg, Rp, Rp, Gg, Gs^Fds, Gg, Gg, Gg, Rd, Gg, Gg, Gg, Gg, Gg, Hh, Hh, Gs^Fds, Gs^Fds, Gg, Gg, Ww, Wwr, Gg, Gg, Gg, Gs^Fds, Gg, Gg, Gg, Gg, Gg, Gg, Gg, Gg, Gg, Gg
Gs^Fds, Gg, Gs^Fds, Gg, Gs^Fds, Gs^Fds, Hh, Gs, Hh, Gs^Fds, Gll^Fmf, Gg, Gg, Gg, Gg, Gg, Rp, Gs^Fds, Gs^Vh, Gg, Gg, Gg, Rd, Gg, Gg, Gg, Gg, Gs^Fds, Gs^Fds, Gs^Fds, Gg, Gg, Gg, Ww, Gg, Gg, Gg, Gg, Gg, Gg, Gg, Gg, Gg, Gg, Gg, Gg, Gg, Gg, Gg^Edb, Gg
Gg, Gs^Fds, Gs^Fds, Gs^Fds, Gg, Gg, Gg, Gs, Gg, Gs^Fds, Gs^Fds, Gg, Gg, Gg, Gg, Gg, Gg, Rp, Rp, Gg, Gg, Gg, Gg, Gg, Gg, Gg, Gg, Gs^Fds, Gs^Fds, Gs^Fds, Gg, Gg, Gg, Ww, Gg, Gg, Gg, Gg, Gg, Gg, Gs, Gg, Gg, Gg, Gg, Gg, Gg^Edb, Gg^Edb, Gg^Edb, Gd^Edb
Ww, Gs^Fds, Gs^Fds, Gs^Fds, Gs^Fds, Gg, Gg, Gg, Gg, Gg, Gs^Fds, Gg, Gg, Gg, Gg, Gg, Gg, Gg, Gg, Rp, Gg, Gg, Rd, Gg, Gg, Gg, Gg, Gg, Gg, Gg, Gg, Gg, Ww, Ww, Gg, Gg, Gg, Gg, Gg, Gs, Gs, Rd^Edpp, Gg, Gg, Gg, Gg^Edb, Gg^Edb, Gg^Edb, Gg^Edb, Gd^Edb
Gs^Fds, Ww, Ww, Gg, Gg, Gg, Gg, Gg, Gg, Gg, Gg, Gg, Gg, Gg, Gg, Gg, Gg, Gg, Gg, Rp, Rp, Gg, Rd, Gg, Gg, Gg, Gg, Gg, Gg, Gg, Gg, Gg, Ww, Ww, Gg, Gg, Gg, Gg, Gg, Gs, Gd, Gg, Gg, Gg, Gg, Gg, Gg, Gg^Edb, Gg, Gg^Edb
Gs^Fds, Gg, Ww, Gg, Gg, Gg, Gg, Gg, Gg, Gg, Gg, Gs^Fds, Gg, Gg, Gg, Gg, Gg, Gg, Gg, Gs^Fds, Gs^Fds, Rp, Gs^Vh, Gg, Gg, Gg, Gg, Gg, Gg, Gg, Gg, Gg, Ww, Ww, Gg, Gg, Gg, Gg, Gg, Gd, Gg, Gg, Gg, Gg, Gg, Gg, Gg, Gg, Gg, Gg
Gs^Fds, Ww, Gs, Gg, Gg, Gg, Gg, Gg, Gg, Gg, Gg, Gg, Gg, Gg, Gg, Gg, Gg, Gg, Gg, Gg, Gg, Rp, Gg, Gg^Efm, Gg, Gg, Gg, Gg, Gg, Gg, Ww, Ww, Ww^Em, Gg, Gll, Gs^Fds, Gs^Fds, Gg, Gs^Fds, Rd, Gg, Gg, Gg, Gg, Gg, Gg, Gg, Gg, Gg, Gg
Gs^Ft, Ww, Ww, Gs, Gs, Gg, Gg, Gg, Gg, Gg, Gg, Gg, Gg, Gg, Gg, Gg, Gg, Gg, Gg, Gg, Gg, Rp, Gg, Gg, Gg, Gg, Gg, Gg, Gg, Gg, Ww, Ww^Em, Gg, Gg, Gll^Fdf, Gll^Fdf, Gs^Vh, Gs^Fds, Gs^Fds, Rd, Gg, Gg, Gg, Gg, Gg, Gg, Gg, Gg, Gg, Gg
Gs^Ftp, Gs^Ft, Ss, Wwr, Wog, Gs, Gg, Gd^Fts, Gs, Gg, Gg, Gg, Gg, Gg, Gg, Gg, Gg, Gg, Gg, Gg, Gg, Rp, Gg, Gg, Gg, Gg, Gg, Gg, Gg, Gg, Ww, Ww, Gg, Gg, Gg, Gg, Rd, Gg, Rd, Rd, Gg, Gg, Gg, Gg, Gg, Gg, Gg, Gg, Gg, Gg
Gd^Fts, Gd^Fts, Ss, Ss, Wog, Gs, Gs, Gd^Fts, Gd^Fts, Gs, Gd^Fetd, Gd^Fts, Gd^Fts, Gg, Gg, Gg, Gs^Fds, Gg, Rp, Rd, Gg, Gg, Gg, Gg, Gg, Gg, Gg, Gg, Gg, Gg, Ww, Gg, Gg, Gg, Gg, Gg, Gg, Rd, Gg, Rd, Rd, Gg, Gg, Gg, Gg, Gg, Gg, Gg, Gg, Gg
Ss^Vhs, Ss, Wog, Wog, Ss, Ss, Gll^Ftr, Gs, Gll^Ftr, Gd^Fetd, Hhd^Vhhr, Gd^Fetd, Gd^Fts, Gs, Gg, Gg, Gg^Efm, Gs^Vh, Rp, Gg, Gg, Gg, Gg, Gg, Gg, Gg, Gg, Gg, Gg, Gg, Wwr, Gg, Gg, Gg, Gg, Gg, Gg, Gg, Gg, Gg, Gg, Rd, Rd, Gs^Fds, Gs^Fds, Gg, Gg, Gg, Gg, Gg
Sm, Ss, Sm^Em, Sm^Em, Ss, Ss, Ss, Gll^Ftr, Ss, Gd^Fts, Rd, Rd, Rd, Gd^Fts, Rd, Gg, Rp, Rp, Gg, Gg, Gg, Gg, Gg, Gg, Gg, Gg, Gg, Gg, Gg, Gg, Wwr, Gg, Gg, Gg, Gg, Gg, Gg, Gg, Gg, Gg, Gg, Gg, Gg, Gg, Gg, Gll^Fmf, Gs^Fds, Gg, Gg, Gg
Wog, Sm, Chs, Ss, Ch, Chr, Ss, Ss, Rb, Ss^Bw/, Gd^Fts, Gs, Gs, Rd, Gg, Rd, Gs^Fds, Rd, Gg, Gg, Gg, Gg, Gg, Gg, Gg, Gg, Gg, Gg, Gg, Wwr, Wwrt, Gs^Fds, Gg, Gg, Gg, Gg, Gg, Gg, Gg, Gg, Gg, Gg, Gg, Gg, Gg, Rd, Gg, Gg, Gg, Gg
Sm, Ss, Chs, Chs, Khs, Ch, Chr, Rb, Ss, Ss, Gd^Fts, Gd^Fts, Gs, Gg, Gg, Gg, Gg, Rd, Gg, Gg, Gg, Gg, Gg, Gg, Gg, Gg, Gg, Gg, Gs^Fds, Wwr, Wwrt, Gs^Fds, Wwrt, Gg, Gg, Gg, Gs^Fds, Gg, Gg, Gg, Gg, Gg, Gg, Gg, Gg^Eff, Gg, Rd, Gg, Gg, Gg
Sm, Wog, Wog, Chs, Chs, Chs, Chs, Rb, Ss, Gd, Ss^Vhs, 1 Gs, Gs, Gg, Gg, Gg, Gg, Gg, Gg, Gg, Gg, Gg, Gg, Gg, Gg, Gg, Gg, Gg, Gs^Fds, Wwr, Wwr, Wwrt, Wwrt, Ww, Ww, Gg, Gs^Fds, Gg, Gg, Gg, Gg, Gg, Gg^Eff, Gg^Eff, Gg^Gvs, Gs^Vh, Rd, Gs^Fds, Gg, Gg
Sm, Ss, Wog, Chs, Chs, Ss, Ss, Ss, Sm^Em, Ss, Gd^Fts, Gd^Fts, Gd^Fts, Gs, Gs, Gg, Gg, Rd, Gg, Gg, Gg, Gg, Gs^Fds, Gg, Gg, Gg, Gg, Gg, Gg, Gs^Fds, Gs^Fds, Wwr, Gs^Fds, Gs^Fds, Gs^Fds, Wwr, Wwr, Gs^Fds, Gs^Fds, Gg, Gg, Gg, Gg, Gg^Eff, Gg^Eff, Gg^Gvs, Rd, Gg, Gg, Gg
Ss, Ss, Ss, Wog, Ss, Ss, Sm, Sm^Em, Ss, Ss, Gd^Fts, Gd^Fts, Gd^Fts, Gs, Rd, Rd, Rd, Rd, Rd, Gg, Gg, Gs^Fds, Gg, Gs^Fds, Gg, Gg, Gg, Gg, Gg, Gg, Gg, Gs^Fds, Gs^Fds, Gs^Fds, Gs^Fds, Gs^Fds, Ww, Ww, Gs^Fds, Gg, Gg, Gg, Gg, Gg, Gg, Gg, Gg, Rd, Rd, Gg
Ss, Rb, Rb, Ss, Ss, Ss, Ss, Ss, Ss, Ss, Ss, Gd^Fts, Gd^Fts, Gd^Fts, Rd, Gs^Fds, Gll^Fmw, Gg, Gg, Gg, Gg, Gg, Gg, Gg, Rd, Gg, Gg^Ve, Gg^Efm, Gg, Gg, Gg, Gg, Gg, Gs^Fds, Gs^Fds, Ss, Ww, Gg, Gg, Gg, Gg, Gg, Gg, Gg, Gg, Gg, Gg, Gg, Gg, Rb
Gs^Ft, Gs^Ft, Gs, Sm^Em, Sm^Em, Ss, Wog, Sm, Ss, Sm, Ss, Ss, Rb, Rb, Gg, Gll^Fmf, Gll^Fmf, Gg, Gg, Gg, Gg, Gg, Gg, Gg, Gg, Rd, Rd, Rd, Rd, Gg, Gg, Gg, Gg, Gg, Gg, Ss, Ww, Gg, Gg, Gg, Gg, Gg, Gg, Gg, Gg, Gg, Gg, Gg, Rd, Rb
Gll^Ftr, Gs^Ft, Ss, Ss, Ss, Ss, Wog, Ss, Gll^Ftr, Ss, Sm, Sm, Rb, Rb, Rb, Gs^Fds, Gs^Fds, Gg, Gg, Gg, Gg, Gg, Gg, Gg, Gg, Gg, Gg, Gg, Gg, Gg, Gg, Gg, Gg, Gg, Gg, Ww, Gg, Gg, Gg, Gg, Gg, Gg, Gg, Gg, Gg, Gg, Gg, Rd, Rd, Gg
Gll^Ftr, Ss^Vhs, Chs, Chs, Sm, Sm^Em, Wog, Ss, Sm, Rb, Gll^Ftr, Gll^Ftr, Wwg, Ss, Ss, Ss, Sm, Gg, Gg, Gg, Gg, Gg, Gg, Gg, Gg, Gg, Gg, Gg, Gg, Gg, Gg, Rd, Rd, Gg, Ww, Ww, Gg, Gg, Gg, Gg, Gg, Gg, Gg, Gg, Gg, Gg, Gg, Gg, Rd, Gg
Wo, Wo, Wo, Ss, Wo, Wo, Ww, Wo, Wo^Bw|, Ww, Wo, Ss, Ss, Ss, Wwr, Ww, Ww, Sm, Wwr, Wwr, Ww, Gg, Ww, Gg, Gg, Gg, Ww, Gg, Gg, Gg, Gg, Gg, Gg, Rb, Ww^Bw\, Gg, Gg, Gg, Gg, Gg, Gg, Gg, Gg, Gg, Gg, Gg, Gg, Gg, Rd, Gg
Ss, Wog, Wog^Edp, Wo, Gll^Ftr, Gll^Ftr, Rb, Sm, Sm, Sm, Ss, Ss, Ss, Ss, Ss, Sm, Ss, Ww, Ww, Ww, Gg, Ww, Ss, Ww, Ww, Ww, Ww, Wwr, Gg, Gg, Ss, Gg, Gg, Ss, Ww, Rb, Rd, Gg, Gs^Fds, Gg, Gg, Gg, Gg, Gg, Gg, Gg, Gg, Gg, Rd, Gg
Ss, Ss, Ss, Ss, Gll^Ftr, Gll^Ftr, Sm, Ss, Ss, Rb, Gll^Ftr, Ss, Ss^Vhs, Ss, Sm, Ss, Sm, Sm, Gg, Gg, Gg, Gg, Gs, Gg, Gg, Gg, Gg, Ww, Ww, Ww, Ww, Sm, Ss, Gg, Ww, Gg, Gg, Rd, Gg, Gs^Fds, Gg, Gg, Rd, Gg, Rd, Gg, Gg, Rd, Gs^Fds, Rd
Sm, Ss, Ss, Ss, Ss, Gll^Ftr, Ss, Sm, Sm, Gll^Ftr, Gll^Ftr, Gll^Ftr, Ss, Ss, Gs^Fds, Sm, Gg, Gg, Gg, Gg, Gg, Gg, Gs, Gs, Gg, Gs^Fms, Gg, Gg, Gg, Gg, Gg, Ww, Ww, Ss, Ww, Gg, Gs^Fds, Gs^Fds, Gg, Gg, Gg, Rd, Gs^Vh, Rd, Gs^Fds, Gs^Fds, Gs^Fds, Gs^Fds, Gg, Gs^Fds
Sm, Gs^Fds, Gll^Fp, Gll^Fmf, Gs^Fds, Sm, Gs^Fds, Gs^Fds, Gll^Fmf, Gll, Sm, Sm, Sm, Sm, Gs^Fds, Gg, Gg, Gg, Gs^Fms, Gg, Gg, Gg, Gg, Gs, Gg, Gg, Gg, Gs^Fms, Gg, Gg, Gg, Gg, Gg, Ww, Ww, Ww, Ss, Gs^Fds, Gs^Fds, Gg, Gg^Eff, Gg^Eff, Gg^Efm, Gg, Gg^Eff, Gs^Fds, Gs^Fds, Gs^Fds, Gs^Fds, Gg
Sm, Sm, Gs^Fms, Gs^Fds, Gs^Fms, Sm^Em, Sm, Gs^Fds, Gs^Fds, Gll^Fmf, Gs^Fds, Gs^Fds, Gs^Fds, Gll^Fmf, Gg, Gg, Gg, Gll^Fmf, Gg, Gg, Gg, Gll^Fmf, Gll^Fmf, Gg, Gg, Gg, Gg, Gll^Fmf, Gg, Gg, Gg, Gg, Gg, Gg, Gg, Ww, Ww, Ss, Gg, Gg, Gg, Gg^Eff, Gg^Eff, Gg^Eff, Gg, Gg, Gs^Fds, Gg, Gg, Gs^Fds
Gs^Ft, Sm, Gs^Ft, Gs^Fms, Gs^Fms, Gs^Fms, Gs^Fms, Gs^Fms, Gll^Fdf, Gs^Fds, Gg, Gg, Gg, Gg, Gg, Gg, Gg, Gg, Gg, Gg, Gg, Gs^Fms, Gg, Gg, Gg, Gg, Gg, Gg, Gg, Gg, Gll^Fmf, Gg, Gg, Gg, Gg, Ww, Ww, Ww, Ww, Gg, Gg, Gg, Gs^Fds, Gg, Gs^Fds, Gs^Fds, Gs^Fds, Gs^Fds, Ww, Ww
Gs^Fms, Sm, Gs^Fms, Gs^Fms, Gs^Fms, Gs^Fms, Gg, Gs^Fms, Gs^Fms, Gs^Fds, Gs^Fms, Gs^Fms, Gs^Fms, Gg, Gg, Gg, Gg, Gg, Gg, Gg, Gs^Fms, Gs^Fms, Gg, Gg, Gg, Gll^Fmf, Gg, Gg, Gg, Gg, Gg, Gs^Fms, Gg, Gg, Gg, Gg, Ww, Ww, Ww, Gg, Gs^Fds, Gg, Gs^Fds, Gs^Fds, Gs^Fds, Gs^Fds, Ww, Ww, Ww, Gs^Fds
Gs^Fds, Gs^Fms, Gll^Fp, Gll^Fp, Gll^Fp, Gg, Gg^Ve, Gs^Fms, Gs^Fds, Gll^Fmf, Gll^Fmf, Gs^Fms, Gs^Fms, Gs^Fms, Gs^Fms, Gs^Fms, Gg, Gg, Gg, Gg, Gs^Fms, Gg, Gg, Gg, Gll^Fmf, Gg, Gg, Gg, Gg, Gg, Gg, Gg, Gg, Gg, Gg, Gg, Gg, Ww, Ww, Ww, Ww, Gs^Fds, Ss, Sm, Sm, Gs^Fds, Ww, Ww, Gs^Fds, Gs^Fds
