Xu, Xu, Xu, Xu, Xu, Xu, Xu, Xu, Xu, Xu, Xu, Xu, Xu, Xu, Xu, Xu, Xu, Xu, Xu, Xu, Xu, Xu, Xu, Xu, Xu, Ms^Xm, Aa, Aa, Ha, Ms
Xu, Xu, Uh^Em, Xu, Uu^Em, Xu, Uu^Es, Xu, Uh, Xu, Cer, Xu, Cer, Xu, Cer, Xu, Uh^Dr, Xu, Xu, Xu, Xu, Xu, Xu, Xu, Xu, Xu, Ha, Ha, Ms^Xm, Ha
Xu, Uh^Emf, Uh^Em, Uu^Em, Uu^Em, Uu, Uu, Uu^Es, Uu^Es, Uh, Uu, Cer, Rb, Cer, Rb^Em, Uh^Em, Cer, Cer, Xu, Xu, Xu, Xu, Xu, Xu, Xu, Uh, Xu, Xu, Xu, Ms^Xm
Xu, Uh^Emf, Uh^Em, Uh^Em, Uu^Em, Uu^Em, Uu, Uu, Uh, Urb^Es, Urb^Es, Urb, Urb, Rb, Rb^Em, Cer, Cer, Cer, Xu, Xu, Xu, Xu, Xu, Xu, Xu, Uh, Xu, Xu, Xu, Xu
Xu, Xu, Xu, Uh^Em, Uu^Em, Uu^Em, Xu, Uh, Xu, Uh, Uu, Uu, Uu, Urb, Rb, Cer, Cer, Cer, Xu, Xu, Cer, Cer, Uu, Xu, Ur, Ur, Ur, Xu, Xu, Xu
Xu, Xu, Xu, Uu, Uh^Em, Uh, Xu, Xu, Xu, Cer, Cer, Uu, Uu^Es, Urb, Uh, Xu, Xu, Xu, Xu, Xu, Cer, Uu^Dr, Ur, Ur, Ur, Uh^Dr, Ur, Xu, Xu, Xu
Xu, Xu, Uu^Em, Uu^Em, Xu, Xu, Xu, Xu, Xu, Xu, Xu, Xu, Xu, Uu^Es, Uh, Xu, Xu, Xu, Cer, Cer, Cer, Rb, Uu, Uu, Uu, Rb, Rb, Xu, Xu, Xu
Xu, Uh^Em, Uh, Ur^Es, Xu, Xu, Xu, Xu, Xu, Xu, Xu, Xu, Uh^Em, Uh^Em, Uh, Xu, Xu, Xu, Rb, Cer, Rb, Rb, Uu^Es, Uu^Es, Ur, Rb, Rb, Xu, Xu, Xu
Xu, Uh^Em, Uu^Em, Ur^Es, Ur, Xu, Xu, Xu, Xu, Xu, Uu^Emf, Uu^Emf, Urb^Em, Urb^Em, Uh^Dr, Xu, Xu, Rb, Rb^Ecf, Rb, Re, Rb, Uu^Es, Ur, Ur, Re, Rb, Xu, Xu, Xu
Xu, Uu^Em, Uh^Em, Ur, Uu^Em, Uu^Em, Uh^Em, Xu, Xu, Xu, Uh^Em, Uu^Em, Urb^Em, Urb^Em, Xu, Xu, Xu, Rb, Ket, Re, Cer, Rb, Uu, Uu, Re, Re, Ur, Xu, Xu, Xu
Xu, Rb^Em, Uh^Em, Uu^Em, Ur^Es, Uu^Dr, Uh^Em, Xu, Xu, Xu, Uh, Uu^Em, Urb, Urb, Xu, Xu, Xu, Rb, Rb, Re, Cer, Rb, Rb, Uu, Uu, Ur, Ur, Xu, Xu, Xu
Xu, Rb^Emf, Ur^Em, Ur, Ur, Ur^Es, Ur^Es, Uh^Em, Uu^Uf, Xu, Xu, Uu^Em, Urb^Em, Uu, Uh, Xu, Rb, Rb, Rb, Cer, Xu, Cer, Cer, Rb, Rb, Ur, Ur, Xu, Xu, Xu
Xu, Rb^Emf, Rb^Dr, Uh^Em, Re^Em, Rb^Em, Re^Em, Ur, Uh, Uh^Em, Xu, Uu^Em, Uu^Em, Uu^Em, Urb, Xu, Xu, Xu, Xu, Xu, Xu, Cer, Xu, Xu, Rb, Ur, Ur, Xu, Xu, Xu
Xu, Ur^Dr, Xu, Xu, Xue, Uue^Em, Uue^Emf, Re^Em, Re^Em, Ur, Xu, Uh^Em, Uh^Em, Uu^Em, Urb^Es, Xu, Xu, Xu, Xu, Xu, Xu, Xu, Xu, Xu, Ur^Dr, Ur, Re, Xu, Xu, Xu
Xu, Xu, Uh, Rb^Dr, Rb, Xue, Xue, Uue^Emf, Xue, Ur, Xu, Uh^Emf, Uu^Emf, Uu^Em, Uu^Em, Xu, Xu, Xu, Xu, Xu, Xu, Xu, Xu, Xu, Ur, Ur^Dr, Uu, Xu, Xu, Xu
Xu, Uu^Uf, Uu^Uf, Uu, Uh, Uh, Rb, Xue, Xue, Ur, Xu, Uh^Em, Uu^Emf, Uu^Em, Uu^Em, Xu, Xu, Xu, Xu, Xu, Uh^Es, Xu, Uu, Uu, Ur, Uu, Rb^Es, Xu, Xu, Xu
Xue, Xue, Xue, Uu, Uue, Uu, Rb, Xue, Uue, Ur, Uh, Xu, Xu, Uu^Em, Uu^Em, Uu, Uu, Xu, Uu, Uh^Es, Uu^Es, Uh, Uu, Uu, Rb, Rb, Rb^Es, Rb^Es, Xu, Xu
Mm^Xm, Xue, Xue, Uu^Uf, Xue, Uh^Dr, Uh, Uue, Re, Ur, Rb^Dr, Uh^Dr, Xu, Uh^Dr, Uh^Es, Uu, Uu^Es, Uu^Es, Uu^Es, Uu, Uu, Uu, Xu, Uu, Xu, Xu, Xu, Xu, Xu, Xu
Mm^Xm, Xue, Xue, Xue, Md^Xm, Xue, Xue, Uue, Rb, Rb, Uu^Es, Uh^Emf, Xu, Uh^Dr, Xu, Uh, Xu, Uh^Es, Xu, Xu, Xu, Xu, Xu, Xu, Xu, Xu, Xu, Xu, Xu, Xu
