border_size=1
usage=map

Xu, Uu^Em, Uh^Emf, Xu, Ms^Xm, Ms^Xm, Ms^Xm, Ai, Mm, Mm, Mm, Mm, Mm, Mm, Mm, Mm, Mm, Wwg, Ww, Hh, Ww, Ww, Mm, Mm, Mm, Mm, Mm, Ms, Ms, Ha, Mm, Mm, Mm, Ms, Ms, Mm, Ms, Ms, Ms, Ha, Ha, Ha

Xu, Uu, Xuc, Xuc, Ms^Xm, Ms^Xm, Md, Wwr, Mm, Mm, Mm, Mm, Mm, Mm, Hh, Mm, Mm, Mm, Mm, Ww, Mm, Mm, Mm, Mm, Hh, Hh, Mm, Mm, Mm, Mm, Mm, Mm, Mm, Mm, Mm, Ms, Ms, Mm, Ms, Mm, Hh, Mm

Xu, Uu^Vu, Xu, Xuc, Mm^Xm, Ms, Md, Ww, Ww, Mm, Mm, Mm, Mm, Mm, Hh, Mm, Mm, Mm, Ww, Ww, Mm, Mm, Mm, Mm, Mm, Mm, Mm, Mm, Mm, Mm, Mm, Mm, Mm, Mm, Ms, Ms, Ms, Ms, Ms, Mm, Hh, Hh

Xu, Xu, Xu, Xuc, Xu, Mm^Xm, Mm^Xm, Mm, Mm, Ww, Ww, Mm, Mm, Mm, Hh, Mm, Mm, Ww, Mm, Mm, Mm, Mm, Hh, Hh, Mm, Mm, Mm, Mm, Hh, Mm, Mm, Mm, Ha, Mm, Ms, Ms, Ha^Vhha, Ms, Ms, Mm, Mm, Mm

Qxu, Qxu, Qxu, Xu, Xu, Xu, Mm^Xm, Mm^Xm, Mm, Mm, Ww, Mm, Mm, Hh, Hh, Mm, Ww, Ww, Mm, Mm, Mm, Mm, Mm, Mm, Mm, Mm, Mm, Mm, Hh, Hh, Ch, Hh, Ch, Ha, Ha, Ha, Gs, Ms, Ms, Ms, Mm, Mm

Ur, Qxu, Qxu, Qxu, Mm^Xm, Mm^Xm, Mm, Mm, Mm, Mm, Mm, Ww, Mm, Mm, Gs, Hh, Ww, Mm, Mm, Mm, Mm, Mm, Hh, Mm, Mm, Mm, Mm, Mm, Hh, Kh, Rr, Ch, Rr, Ch, Ha, Mm, Mm, Hh, Mm, Mm, Mm, Mm

Qxu, Ur^Es, Qxu, Mm^Xm, Mm^Xm, Mm, Mm, Mm, Mm, Mm, Mm, Ww, Ww, Ww, Ww, Gs, Ww, Mm, Mm, Mm, Mm, Hh, Mm, Mm, Mm, Mm, Hh, Hh, Mm, Rr, Rr, Rr^Vhc, Rr, Rrc^Vhca, Ha, Mm, Mm, Hh, Mm, Mm, Wog, Wog

Qxu, Qxu^Bp|, Xuce, Xu, Xu, Mm, Hh, Mm, Mm, Mm, Mm, Mm, Mm, Mm, Mm, Ww, Mm, Mm, Mm, Mm, Hh, Hh, Hh, Mm, Mm, Mm, Mm, Mm, Md, Ch, Ch, Rr, Ch, Kh, Rr, Md, Mm, Mm, Mm, Wog, Mm, Mm

Qxu, Uue, Xuce, Xu, Xu, Xu, Hh, Mm, Mm, Mm, Mm, Mm, Mm, Mm, Mm, Ww, Mm, Mm, Ww, Wwr, Mm, Mm, Mm, Mm, Mm, Mm, Mm, Mm, Md, Rr, Rr, Ch, Rr, Ch, Rr, Md, Mm, Hh, Gs, Wog, Wwrg, Mm

Ur, Uue, Xuc, Xu, Mm^Xm, Hh, Mm, Mm, Mm, Mm, Mm, Mm, Mm, Mm, Mm, Ww, Ww, Ww, Mm, Mm, Mm, Hh, Mm, Mm, Mm, Mm, Mm, Mm, Md, Md, Rr, Rr, Md, Rr, Rr, Md, Md, Mm, Mm, Mm, Wwrg, Mm

Xu, Xuce, Mm^Xm, Mm^Xm, Hh, Hh, Mm, Mm, Mm, Mm, Mm, Mm, Mm, Mm, Hh, Hh, Ww, Mm, Mm, Mm, Hh, Hh, Mm, Mm, Mm, Mm, Mm, Mm, Md, Rr, Md, Md, Md, Md, Mm, Rr, Hh, Mm, Mm, Wog, Mm, Mm

Md^Xm, Mm^Xm, Md^Xm, Hh, Gg, Gs^Fds, Gs^Fds, Mm, Hh, Mm, Mm, Mm, Mm, Mm, Gg, Ww, Hh, Mm, Mm, Mm, Hh, Mm, Mm, Mm, Mm, Mm, Mm, Mm, Md, Rr, Rr, Md, Md, Md, Hh, Hh, Gs, Hh, Wwrg, Wog, Mm, Mm

Md^Xm, Md^Xm, Hh, Hh, Gg, Gg, Gg, Gs^Fds, Hh, Hh, Hh, Mm, Gll^Fmf, Gg, Ww, Ww, Gs^Fds, Mm, Mm, Mm, Mm, Hh, Hh, Mm, Mm, Mm, Mm, Mm, Mm, Md, Rr^Es, Md, Md, Mm, Gs^Fds, Gg, Wog, Gg, Wog, Mm, Mm, Mm

Hh, Hh, Gs^Fds, Gg, Gg, Gg, Gg, Gs^Fds, Gll^Fmf, Hh, Gg, Gs^Fds, Gg, Gg, Ww, Gg, Gs^Fds, Mm, Mm, Mm, Mm, Mm, Rp, Hhd^Vhhr, Mm, Mm, Mm, Mm, Mm, Md, Md, Rp, Md, Hh, Mm, Wog, Mm, Wog^Bsb|, Mm, Mm, Mm, Mm

Gs^Fds, Gs^Fds, Gg, Gg, Gg, Gg, Gg, Gg, Gg, Gs^Fds, Gs^Fds, Gg, Gg, Gg, Ww^Ewl, Gg, Gg, Hh, Hh, Hh, Gs^Fds, Mm, Rp, Mm, Mm, Mm, Gs^Fds, Mm, Mm, Hh^Vhh, Hh, Rp^Es, Md, Mm, Wog, Wog, Mm, Rp, Mm, Mm, Mm, Mm

Gg, Gs^Fds, Gg, Gg, Gg, Gg, Gg, Gg, Gg, Gs^Fds, Gs^Fds, Gg, Gg, Gg, Ww, Gg, Gg, Hh, Hh, Gs, Gs, Gs^Fds, Rd, Hh, Hh, Gs^Fds, Gg, Hh, Hh, Mm, Rp, Rp^Em, Mm, Mm, Wog, Mm, Mm, Rp, Rr, Mm, Mm, Mm

Gg, Gg, Gg, Gg, Gg, Gg, Gg, Gg, Gg, Gg, Gs^Fds, Gg, Gg, Ww, Wwr, Gg, Gg, Gg, Hh, Gs, Gg, Gg, Rp, Hh, Gg, Gg, Gg, Gg, Rp, Rp, Gs^Fds, Mm, Gs^Fds, Gs^Fds, Ss, Wog, Wog, Mm, Rr, Mm, Mm, Mm

Gg, Gg, Gg, Gg, Gg, Gg, Gg, Gg, Gg, Gs^Fds, Gg^Ve, Gg, Ww, Ww, Gg, Gg, Gg, Gg, Gs, Gg, Gg, Gg, Gg, Rp, Rp, Gg, Rp, Rp, Gg, Gs, Gs, Gs^Fds, Gg, Gg, Gs^Fds, Ss, Wog, Mm, Rp, Mm, Mm, Mm

Gg, Gg, Gg, Gg, Gg, Gg, Gg, Gg, Ww, Gg^Efm, Gg^Efm, Gg^Efm, Ww, Gg, Gg, Gg, Gg, Gg, Hh, Gg, Gg, Gg, Gg, Gg, Gg, Rp, Gg, Gg, Gs, Gs, Gg, Gg, Gg, Gg, Hh, Gs^Fds, Ww^Ewl, Hh, Gs, Hh, Gs^Fds, Gs^Fds

Gg, Gg, Gg, Gg, Ww, Gg, Ww, Ww, Gs^Fds, Ww, Ww, Ww, Gg, Gg, Gg, Gg, Gs^Fds, Gs^Fds, Hh, Gg, Gg, Gg, Gg, Gg, Gg, Rr, Gg, Gg, Gs^Fds, Hh, Hh, Gg, Hh, Hh, Hh, Hh, Ww, Gg, Gg, Gs, Gs, Gs

Wwrg, Wwrt, Ww, Ww, Gs^Fds, Ww, Hh, Gg, Gs^Fds, Wwr, Wwr, Wwrt, Gg, Gg, Gg, Gg, Hh, Hh, Hh, Gs^Fds, Gg, Gg, Gg, Gg, Gg, Rp, Gs^Fds, Gs^Fds, Ss, Ss, Ss, Gs^Fds, Ss, Gs^Fds, Ss, Ww, Ww, Gg, Gg, Gs, Gd, Gd

Wwr, Wwrt, Gs^Fds, Gs^Fds, Hh, Hh, Gg, Gg, Gg, Ss, Gg, Gg, Gg, Gg, Gg, Hh, Hh, Gs^Fds, Gg, Gg, Gg, Gg, Gg, Gg, Rr, Rr, Gs^Fds, Ss, Gg, Gg, Gg, Ss, Gg, Gg, Gg, Ww, Gg, Gg, Gg, Gg, Gg, Gd

Gg, Gg, Gg, Gs^Fds, Gg, Gg, Gg, Gg, Gg, Gg, Gg, Gg, Gg, Gg, Gg, Hh, Gs^Fds, Gs^Fds, Gg, Gg, Gg, Gg, Gg, Gg, Rp, Gs^Fds, Gg, Ss, Gg, Gg, Gg, Gg, Ss, Gg, Ss, Ww, Ww, Gg, Gg, Gg, Gg, Gg

Gg, Gg, Gg, Gg, Gg, Gg, Gg, Gg, Gg, Gg, Gg, Gg, Gg^Edb, Gg, Gg, Gg, Gg, Gg, Gg, Gg, Gg, Gg, Gg, Gg, Rr, Gs^Fds, Gs^Fds, Ss, Wog, Gg, Wog, Gs^Fds, Gs^Fds, Ss, Gs^Fds, Gs^Fds, Gs^Fds, Ww, Ww, Gg, Gg, Gg

Gg, Gg, Gg, Gg, Gs, Gg, Gg, Gg, Gg, Gg, Gg^Edb, Gg^Edb, Gg^Edb, Gd^Edb, Gd^Fetd, Gg, Gg, Gg, Gg, Gg, Gg, Gg, Gg, Gg, Rr, Gs^Fds, Gs^Fds, Gg, Gs^Fds, Wog, Gs^Fds, Gs^Fds, Gs, Gs^Fds, Gg, Gs^Fds, Gs^Fds, Ss, Ww, Gg, Gg, Gg

Gg, Gg, Gg, Gs, Gs, Rd^Edpp, Gg, Gg, Gg, Gg^Edb, Gg^Edb, Gg^Edb, Gg^Edb, Gd^Edb, Gs^Edb, Gg, Gg, Gg, Gg, Gg, Gg, Gg, Gg, Gg, Gg, Rr, Gs^Fds, Gs^Fds, Gg^Gvs, Gs^Fds, Gs^Fds, Gg, Gs, Gs, Gg, Gg, Gg, Gs^Fds, Ww, Gg, Gg, Gg

Gg, Gg, Gg, Gs, Gd, Gg, Gg, Gg, Gg, Gg, Gg, Gg^Edb, Gg, Gg^Edb, Gg^Edb, Gg^Edb, Gg, Gg, Gg, Gg, Gg, Gg, Gg, Gg, Gg, Rr, Gs^Vh, Gg^Gvs, Gg^Gvs, Gg^Gvs, Gg^Gvs, Gg, Gg, Gg, Gg, Gg, Ww, Ww, Gg, Gg, Gg, Gg

Gg, Gg, Gg, Gd, Gg, Gg, Gg, Gg, Gg, Gg, Gg, Gg, Gg, Gg, Gg, Gg, Gg, Gg, Gg, Gg, Gg, Gg, Ww^Ewl, Gg, Gg, Rrc, Rrc, Rrc, Rrc, Gg^Gvs, Gg, Gg, Gg, Gg, Gg, Ww, Gg, Gg, Gg, Gg, Gg, Gg

Gs^Fds, Gg, Gs^Fds, Rd, Gg, Gg, Gg, Gg, Gg, Gg, Gg, Gg, Gg, Gg, Gg, Gg, Gg, Gg, Ww, Ww, Ww, Ww, Ww, Ww^Ewl, Gg, Rrc, Gg, Gg, Gg, Rrc, Gg, Gg, Gg, Gg, Ss, Ww, Gg, Gg, Rp, Gs^Vh, Gg, Gg

Gs^Vh, Gs^Fds, Gs^Fds, Rd, Gg, Gg, Gg, Gg, Gg, Gg, Gg, Gg, Gg, Gg, Gg, Gg, Gs^Fds, Ww, Wwr, Wwr, Gs^Fds, Ww, Wwr, Ww, Ww, Rrc, Ww, Gg, Ww, Rrc, Ww, Ww, Ww^Ewl, Ss, Ww, Ww, Gg, Gg, Gg, Rp, Rp, Gg

Rd, Gg, Rd, Rd, Gg, Gg, Gg, Gg, Gg, Gg, Gg, Gg, Gg, Gg, Gg, Gg, Ww, Ww, Wwr, Gs^Fds, Gs^Fds, Gs^Fds, Gs^Fds, Gs^Fds, Ch, Wwr^Bsb|, Wwr, Ww, Ww^Ewf, Ww^Bsb|, Ch, Ww^Ewl, Ww, Ww, Gg, Gg, Gg, Gg, Gg, Gg, Gg, Rp

