Gg, Gg, Gg, Gg, Gg, Gg, Gg, Gg, Gg, Gg, Gg, Gg, Gg, Gg, Gg, Gg, Gg, Gg, Gg, Gg, Gg, Gg, Gg, Gg, Gg, Gg, Gg, Gg, Gg, Gg, Gg, Gg, Gg, Gg, Hh, Gg, Hh, Gg, Gg, Gg, Gg, Gg, Gg, Gg, Gg, Rr, Gg, Gg, Gg, Gg, Gg, Gg, Hh, Gg, Gg, Gg, Gg, Gg, Gg, Gg, Gg, Gg, Gg, Gg, Gg, Gg, Gg, Gg
Gg, Gg, Gg, Gg, Gg, Gg, Gg, Gg, Gg, Gg, Gg, Gg, Gg, Gg, Gg, Gg, Gg, Gg, Gg, Gg, Gg, Gg, Gg, Gg, Gg, Gg, Gg, Gg, Gg, Gg, Gg, Gg, Gg, Gg, Hh, Gs^Fms, Gg, Gs^Fms, Gg, Gg, Ch, Gg, Gg, Gg, Gg, Rrc, Gg, Gg, Gg, Gg, Gg, Gs^Fms, Gs^Fms, Hh, Gg, Gg^Efm, Gg^Efm, Gg^Efm, Gg, Gg, Gg, Gg, Gg, Gg, Gg, Gg, Gg, Gg
Gg, Gg, Gg, Gg, Gg, Gg, Gg, Gg, Gg, Gg, Gg, Gg, Gg, Gg, Gg, Gg, Gg, Gg, Gg, Gg, Gg, Gg, Gg, Gg, Gg, Gg, Gg, Gg, Gg, Gg, Gg, Gg, Gg, Gg, Gg, Gg, Ch, Gg, Ch, Ch, Ch, Ch, Ch, Ch, Ch, Rrc, Ch, Gg, Gg, Gg, Gg, Gg, Gg, Gg, Gg, Gg^Efm, Gg^Efm, Gg^Efm, Gg, Gg, Gg, Gg, Gg, Gg, Gg, Gg, Gg, Gg
Gg, Gg, Gg, Gg, Gg, Gg, Gg, Gg, Gg, Gg, Gg, Gg, Gg, Gg, Gg, Gg, Gg, Gg, Gg, Gg, Gg, Gg, Gg, Gg, Gg, Gg, Gg, Gg, Gg, Gg, Ch, Gg, Ch, Ch, Ch, Ch, Rrc, Ch, Rrc, Ch, Kh, Ch, Rrc, Rrc, Rrc, Ch, Rrc, Ch, Ch, Ch, Ch, Kh, Ch, Gg, Gg, Gg, Gg, Gg^Efm, Gg, Gg, Gg, Gg, Gg, Gg, Gg, Gg, Gg, Gg
Gg, Gg, Gg, Gg, Gg, Gg, Gg, Gg, Gg, Gg, Gg, Gg, Gg, Gg, Gg, Gg, Gg, Gg, Gg, Gg, Gg, Gg, Gg, Gg, Ch, Gg, Ch, Ch, Ch, Ch, Rrc, Ch, Rrc, Rrc, Rrc, Rrc, Rrc, Rrc, Rrc, Ch, Ch, Rrc, Rrc, Rrc, Rrc, Rrc, Rrc, Rrc, Rrc, Rrc, Rrc, Ch, Rrc, Ch, Ch, Gg, Gg, Gg^Efm, Gg, Gg, Gg, Gg, Gg, Gg, Gg, Gg, Gg, Gg
Gg, Gg, Gg, Gg, Gg, Gg, Gg, Gg, Gg, Gg, Gg, Gg, Gg, Gg, Gg, Gg, Gg, Gg, Gg, Gg, Ch, Ch, Ch, Ch, Rrc, Ch, Rrc, Rrc, Rrc, Rrc, Rrc, Rrc, Rrc, Rrc, Rrc, Rrc, Rrc, Rrc, Rrc, Rrc, Rrc, Rrc, Rrc, Rrc, Rrc, Rrc, Rrc, Rrc, Rrc, Rrc, Rrc, Rrc, Rrc, Rrc, Rrc, Kh, Ch, Ch, Gg, Gg, Gg, Gg, Gg, Gg, Gg, Gg, Gg, Gg
Gg, Gg, Gg, Gg, Gg, Gg, Gg, Gg, Gg, Gg, Gg, Gg, Gg, Gg, Gg, Gg, Gg, Gg, Gg, Ch, Rrc, Rrc, Rrc, Rrc, Rrc, Rrc, Rrc, Rrc, Rrc, Rrc, Rrc, Rrc, Rrc, Rrc, Rrc, Rrc, Rrc, Rrc, Rrc, Rrc, Rrc, Rrc, Rrc, Rrc, Rrc, Rrc, Rrc, Rrc, Rrc, Rrc, Rrc, Rrc, Rrc, Rrc, Rrc, Ch, Ch, Gg, Gg, Gg, Gg, Gg, Gg, Gg, Gg, Gg, Gg, Gg
Gg, Gg, Gg, Gg, Gg, Gg, Gg, Gg, Gg, Gg, Gg, Gg, Gg, Gg, Gg, Gg, Gg, Gg, Ch, Ch, Rrc, Rrc, Rrc, Rrc, Rrc, Rrc, Rrc, Rrc, Rrc, Rrc, Rrc, Rrc, Rrc, Rrc, Rrc, Rrc, Rrc, Rrc, Rrc, Rrc, Rrc, Rrc, Rrc, Rrc, Rrc, Rrc, Rrc, Rrc, Rrc, Rrc, Rrc, Rrc, Rrc, Rrc, Rrc, Rrc, Rrc, Ch, Gg, Gg, Gg, Gg, Gg, Gg, Gg, Gg, Gg, Gg
Gg, Gg, Gg, Gg, Gg, Gg, Gg, Gg, Gg, Gg, Gg, Gg, Gg, Gg, Gg, Gg, Gg, Ch, Rrc, Rrc, Rrc, Rrc, Rrc, Rrc, Rrc, Rrc, Rrc, Rrc, Rrc, Rrc, Rrc, Rrc, Rrc, Rrc, Rrc, Rrc, Rrc, Rrc, Rrc, Rrc, Rrc, Rrc, Rrc, Rrc, Rrc, Rrc, Rrc, Rrc, Rrc, Rrc, Rrc, Rrc, Rrc, Rrc, Rrc, Rrc, Rrc, Ch, Ch, Gg, Gg, Gg, Gg, Gg, Gg, Gg, Gg, Gg
Gg, Gg, Gg, Gg, Gg, Gg, Gg, Gg, Gg, Gg, Gg, Gg, Gg, Gg, Ch, Gg, Ch, Ch, Rrc, Rrc, Rrc, Rrc, Rrc, Rrc, Rrc, Rrc, Rrc, Rrc, Rrc, Rrc, Rrc, Rrc, Rrc, Rrc, Rrc, Rrc, Rrc, Rrc, Rrc, Rrc, Rrc, Rrc, Rrc, Rrc, Rrc, Rrc, Rrc, Rrc, Rrc, Rrc, Rrc, Rrc, Rrc, Rrc, Rrc, Rrc, Rrc, Rrc, Rrc, Ch, Ch, Gg, Gg, Gg, Gg, Gg, Gg, Gg
Gg, Gg, Gg, Gg, Gg, Gg, Gg, Gg, Gg, Gg, Gg, Gg, Ch, Ch, Rrc, Ch, Rrc, Rrc, Rrc, Rrc, Rrc, Rrc, Rrc, Rrc, Rrc, Rrc, Rrc, Rrc, Rrc, Rrc, Rr, Rr, Rr, Rrc, Rr, Rrc, Rrc, Rrc, Rrc, Rrc, Rrc, Rrc, Rrc, Rrc, Rrc, Rrc, Rrc, Rrc, Rrc, Rrc, Rrc, Rrc, Rrc, Rrc, Rrc, Rrc, Rrc, Rrc, Rrc, Rrc, Ch, Gg, Gg, Gg, Gg, Gg, Gg, Gg
Gg, Gg, Gg, Gg, Gg, Gg, Gg, Gg, Gg, Gg, Ch, Ch, Rrc, Rrc, Rrc, Rrc, Rrc, Rrc, Rrc, Rrc, Rrc, Rrc, Rrc, Rrc, Rrc, Rrc, Rrc, Rrc, Rr, Rr, Rr, Rr, Rr, Rr, Rr, Rr, Rr, Rrc, Rrc, Rrc, Rrc, Rrc, Rrc, Rrc, Rrc, Rrc, Rrc, Rrc, Rrc, Rrc, Rrc, Rrc, Rrc, Rrc, Rrc, Rrc, Rrc, Rrc, Rrc, Rrc, Rrc, Ch, Ch, Gg, Gg, Gg, Gg, Gg
Gg, Gg, Gg, Gg, Gg, Gg, Gg, Gg, Gg, Ch, Rrc, Rrc, Rrc, Rrc, Rrc, Rrc, Rrc, Rrc, Rrc, Rrc, Rrc, Rrc, Rrc, Rrc, Rr, Rr, Rr, Rr, Rr, Rr, Rr, Rr, Rr, Rr, Rr, Rr, Rr, Rrc, Rrc, Rrc, Rrc, Rrc, Rrc, Rrc, Rrc, Rrc, Rrc, Rrc, Rrc, Rrc, Rrc, Rrc, Rrc, Rrc, Rrc, Rrc, Rrc, Rrc, Rrc, Rrc, Rrc, Rrc, Ch, Gg, Gg, Gg, Gg, Gg
Gg, Gg, Gg, Gg, Gg, Gg, Gg, Gg, Ch, Ch, Rrc, Rrc, Rrc, Rrc, Rrc, Rrc, Rrc, Rrc, Rrc, Rrc, Rrc, Rrc, Rrc, Rr, Rr, Rr, Rr, Rr, Rr, Rr, Xoc, Xoc, Xoc, Rr, Rr, Rr, Rr, Rr, Rr, Rrc, Rrc, Rrc, Rrc, Rrc, Rrc, Rrc, Rrc, Rrc, Rrc, Rrc, Rrc, Rrc, Rrc, Rrc, Rrc, Rrc, Rrc, Rrc, Rrc, Rrc, Rrc, Rrc, Rrc, Ch, Ch, Gg, Gg, Gg
Gg, Gg, Gg, Gg, Gg, Gg, Wog, Ch, Rrc, Rrc, Rrc, Rrc, Rrc, Rrc, Rrc, Rrc, Rrc, Rrc, Rrc, Rrc, Rrc, Rrc, Rr, Rr, Rr, Rr, Rr, Rr, Xoc, Xoc, Ior, Ior, Iwr, Xoc, Xoc, Rr, Rr, Rr, Rr, Rr, Rrc, Rrc, Rrc, Rrc, Rrc, Rrc, Rrc, Rrc, Rrc, Rrc, Rrc, Rrc, Rrc, Rrc, Rrc, Rrc, Rrc, Rrc, Rrc, Rrc, Rrc, Rrc, Rrc, Rrc, Ch, Gg, Gg, Gg
Gg, Gg, Gg, Gg, Ch, Wog^Bsb|, Ch, Ch, Rrc, Rrc, Rrc, Rrc, Rrc, Rrc, Rrc, Rrc, Rrc, Rrc, Rrc, Rrc, Rrc, Rr, Rr, Rr, Rr, Rr, Rr, Rr, Xoc, Ior, Iwr, Ior, Iwr, Ior, Ior, Xoc, Rr, Rr, Rr, Rr, Rrc, Rrc, Rrc, Rrc, Rrc, Rrc, Rrc, Rrc, Rrc, Rrc, Rrc, Rrc, Rrc, Rrc, Rrc, Rrc, Rrc, Rrc, Rrc, Rrc, Rrc, Rrc, Rrc, Rrc, Ch, Gg, Gg, Gg
Gg, Gg, Ch, Ch, Rrc, Ch, Rrc, Rrc, Rrc, Rrc, Rrc, Rrc, Rrc, Rrc, Rrc, Rrc, Rrc, Rrc, Rrc, Rrc, Rr, Rr, Rr, Rr, Rr, Rr, Rr, Rr, Xoc, Ior, Xoc, Xoc, Rr^Pw\, Iwr, Ior, Xoc, Rr, Rr, Rr^Ebn, Rr, Rr, Rrc, Rrc, Rrc, Rrc, Rrc, Rrc, Rrc, Rrc, Rrc, Rrc, Rrc, Rrc, Rrc, Rrc, Rrc, Rrc, Rrc, Rrc, Rrc, Rrc, Rrc, Rrc, Rrc, Ch, Gg, Gg, Gg
Gg, Gg, Ch, Rrc, Rrc, Rrc, Rrc, Rrc, Rrc, Rrc, Rrc, Rrc, Rrc, Rrc, Rrc, Rrc, Rrc, Rrc, Rrc, Rr, Rr, Rr, Rr, Rr, Rr, Rr, Xoc, Xoc, Xoc, Xoc, Irs, Irs, Irs, Xoc, Xoc, Xoc, Rr, Rr, Rr, Rr, Rr, Rr, Rr, Rrc, Rrc, Rrc, Rrc, Rrc, Rrc, Rrc, Rrc, Rrc, Rrc, Rrc, Rrc, Rrc, Rrc, Rrc, Rrc, Rrc, Rrc, Rrc, Rrc, Rrc, Ch, Gg, Gg, Gg
Gg, Gg, Ch, Rrc, Rrc, Rrc, Rrc, Rrc, Rrc, Rrc, Rrc, Rrc, Rrc, Rrc, Rrc, Rrc, Rr, Rrc, Rr, Rr, Rr, Rr, Rr, Rr, Xoc, Xoc, Ior, Ior, Xoc, Irs, Irs, Irs, Irs, Irs, Irs, Xoc^Efs, Rr^Pw\o, Rr, Rr, Rr, Rr, Rr, Rr, Rr, Rr, Rrc, Rrc, Rrc, Rrc, Rrc, Rrc, Rrc, Rrc, Rrc, Rrc, Rrc, Rrc, Rrc, Rrc, Rrc, Rrc, Rrc, Rrc, Rrc, Ch, Gg, Gg, Gg
Gg, Gg, Ch, Rrc, Rrc, Rrc, Rrc, Rrc, Rrc, Rrc, Rrc, Rrc, Rrc, Rrc, Rr, Rr, Rr, Rr, Rr, Rr, Rr, Rr, Rr, Xoc, Iwr, Iwr, Iwr, Ior, Xoc, Irs, Irs, Irs^Ebn, Irs, Iwr, Iwr, Irs, Irs, Xoc, Xoc, Rr, Rr, Rr, Rr, Rr, Rr, Rr, Rrc, Rrc, Rrc, Rrc, Rrc, Rrc, Rrc, Rrc, Rrc, Rrc, Rrc, Rrc, Rrc, Rrc, Rrc, Rrc, Rrc, Rrc, Rrc, Ch, Gg, Gg
Gg, Gg, Ch, Rrc, Rrc, Rrc, Rrc, Rrc, Rrc, Rrc, Rrc, Rrc, Rrc, Rrc, Rr, Rr, Rr, Rr, Xoc, Rr, Rr, Rr, Rr, Xoc, Ior, Iwr, Xoc, Xoc, Xoc, Irs, Irs, Irs, Irs, Iwr, Iwr, Iwr, Iwr, Irs, Irs, Xoc, Xoc, Rr, Rr, Rr, Rr, Rr, Rr, Rrc, Rrc, Rrc, Rrc, Rrc, Rrc, Rrc, Rrc, Rrc, Rrc, Rrc, Rrc, Rrc, Rrc, Rrc, Rrc, Rrc, Rrc, Ch, Gg, Gg
Hh, Hh, Hh, Ch, Ch, Rrc, Rrc, Rrc, Rrc, Rrc, Rrc, Rrc, Rrc, Rr, Rr, Rr, Xoc, Xoc, Iwr, Xoc, Xoc, Rr, Xoc, Xoc, Xoc, Rr^Pw/, Iwr, Iwr, Iwr, Xoc, Xoc, Irs, Irs, Iwr, Iwr, Iwr, Iwr, Irs, Irs, Irs, Irs, Xoc, Xoc, Rr, Rr, Rr, Rr, Rrc, Rrc, Rrc, Rrc, Rrc, Rrc, Rrc, Rrc, Rrc, Rrc, Rrc, Rrc, Rrc, Rrc, Rrc, Rrc, Rrc, Rrc, Ch, Gg, Gg
Ss, Gs^Fds, Ss, Ww, Ww, Ch, Rrc, Rrc, Rrc, Rrc, Rrc, Rrc, Rr, Rr, Rr, Rr, Xoc, Iwr, Iwr, Iwr, Iwr, Xoc^Efs, Iwr, Xoc, Iwr, Iwr, Iwr, Iwr, Iwr, Iwr, Iwr, Xoc, Xoc, Irs, Iwr, Iwr, Iwr, Irs, Irs, Irs, Irs, Irs, Xoc, Rr, Rr, Rr, Rr, Rr, Rrc, Rrc, Rrc, Rrc, Rrc, Rrc, Rrc, Rrc, Rrc, Rrc, Rrc, Rrc, Rrc, Rrc, Rrc, Rrc, Rrc, Ch, Gg, Gg
Gg, Gg, Gg, Ww, Gg, Ch, Rrc, Rrc, Rrc, Rrc, Rrc, Rrc, Rr, Rr, Rr, Rr, Xoc, Iwr, Iwr, Iwr, Iwr, Iwr, Iwr, Xoc, Rr^Pw\, Iwr, Iwr, Iwr, Iwr, Iwr, Iwr, Iwr, Xoc, Irs, Iwr, Iwr, Icn, Iwr, Iwr, Irs, Irs, Irs, Xoc, Rr, Rr, Rr, Rr, Rr, Rr, Rrc, Rrc, Rrc, Rrc, Rrc, Rrc, Rrc, Rrc, Rrc, Rrc, Rrc, Rrc, Rrc, Rrc, Rrc, Rrc, Ch, Gg, Gg
Ss, Gg, Ss, Ww, Ww, Ch, Ch, Rrc, Rrc, Rrc, Rrc, Rrc, Rr, Rr, Rr, Rr, Rr, Xoc, Xoc, Iwr, Iwr, Iwr, Iwr, Iwr, Iwr, Xoc, Xoc, Iwr, Iwr, Iwr, Iwr, Xoc, Xoc^Efs, Irs, Irs, Iwr, Iwr, Icn, Icn, Iwr, Iwr, Xoc, Xoc, Rr, Rr, Rr, Rr, Rr, Rr, Rrc, Rrc, Rrc, Rrc, Rrc, Rrc, Rrc, Rrc, Rrc, Rrc, Rrc, Rrc, Rrc, Rrc, Rrc, Ch, Ch, Gg, Gg
Gs^Fds, Ss, Gs^Fds, Gs^Fds, Gs^Fds, Ww, Ww, Ch, Rrc, Rrc, Rrc, Rrc, Rr, Rr, Rr, Rr, Rr, Rr, Rr, Xoc, Iwr, Iwr, Iwr, Iwr, Iwr, Iwr, Xoc, Xoc, Iwr, Iwr, Iwr, Xoc, Irs, Irs, Iwr, Iwr, Icn, Icn, Iwr, Icn, Rr^Pw/, Xoc, Ior, Xoc, Xoc, Rr, Rr, Rr, Rr, Rr, Rrc, Rrc, Rrc, Rrc, Rrc, Rrc, Rrc, Rrc, Rrc, Rrc, Rrc, Rrc, Rrc, Ch, Gg, Gg, Gg, Gg
Gs, Gs^Fds, Gg, Gs^Fds, Gs^Fds, Ss, Ch, Ch, Rrc, Rrc, Rrc, Rrc, Rrc, Rr, Rr, Rr, Rr, Rr, Rr, Xoc, Icn, Iwr, Iwr, Iwr, Iwr, Iwr, Xoc, Irs, Irs, Iwr, Iwr, Iwr, Iwr, Iwr, Iwr, Icn, Iwr, Iwr, Irs, Xoc, Xoc, Iwr, Ior, Ior, Xoc, Rr, Rr, Rr, Rr, Rr, Rr, Rrc, Rrc, Rrc, Rrc, Rrc, Rrc, Rrc, Rrc, Rrc, Rrc, Rrc, Rrc, Ch, Gg, Gg, Gg, Gg
Gs, Gs, Gg, Gg, Gg, Ch, Rrc, Rrc, Rrc, Rrc, Rrc, Rrc, Rrc, Rrc, Rr, Rr, Rr, Rr, Rr, Xoc, Icn, Icn, Icn, Iwr, Iwr, Iwr, Iwr, Xoc, Xoc, Irs, Irs, Iwr, Iwr, Iwr, Iwr, Iwr, Irs, Irs, Xoc, Xoc, Xoc, Ior, Iwr, Iwr, Xoc, Rr, Rr, Rr, Rr, Rr, Rrc, Rrc, Rrc, Rrc, Rrc, Rrc, Rrc, Rrc, Rrc, Rrc, Rrc, Rrc, Ch, Ch, Gg, Gg, Gg, Gg
Gg, Gg, Gg, Gg, Ch, Ch, Rrc, Rrc, Rrc, Rrc, Rrc, Rrc, Rrc, Rrc, Rr, Rr, Rr, Rr, Rr, Xoc, Icn, Icn, Iwr, Icn, Icn, Iwr, Iwr, Iwr, Iwr, Xoc, Xoc, Irs, Irs, Iwr, Irs, Irs, Xoc, Xoc^Efs, Rr, Rr^Xo, Rr, Xoc, Xoc^Efs, Xoc, Rr, Rr, Rr, Rr, Rr, Rrc, Rrc, Rrc, Rrc, Rrc, Rrc, Rrc, Rrc, Rrc, Rrc, Rrc, Rrc, Rrc, Ch, Gg, Gg, Gg, Gg, Gg
Gg, Gg, Gg, Ch, Rrc, Rrc, Rrc, Rrc, Rrc, Rrc, Rrc, Rrc, Rrc, Rrc, Rr, Rr, Rr, Rr, Rr, Xoc, Icn, Iwr, Icr, Iwr, Icn, Iwr, Iwr, Iwr, Iwr, Iwr, Iwr, Xoc, Xoc, Irs^Ebn, Xoc, Xoc, Rr, Xos, Rr^Pr\o, Rr, Rr, Rr, Xos, Rr, Rr, Rr, Rr, Rr, Rrc, Rrc, Rrc, Rrc, Rrc, Rrc, Rrc, Rrc, Rrc, Rrc, Rrc, Rrc, Rrc, Rrc, Ch, Gg, Gg, Gg, Gg, Gg
Gg, Gg, Ss, Ch, Ch, Rrc, Rrc, Rrc, Rrc, Rrc, Rrc, Rrc, Rrc, Rrc, Rr, Rr, Rr, Rr, Rr, Xoc, Icn^Ebn, Iwr, Iwr, Iwr, Icn, Icn, Icn, Iwr, Iwr, Iwr, Iwr, Iwr^Ebn, Xoc, Xoc, Rr, Rr, Rr, Rr, Rr, Xos, Xos, Rr, Xos, Rr, Rr, Rr, Rrc, Rrc, Rrc, Rrc, Rrc, Rrc, Rrc, Rrc, Rrc, Rrc, Rrc, Rrc, Rrc, Rrc, Ch, Ch, Gg, Gg, Gg, Gg, Gg, Gg
Ww^Ewl, Ss, Ww, Ww, Gg, Ch, Rrc, Rrc, Rrc, Rrc, Rrc, Rrc, Rrc, Rrc, Rr, Rr, Rr, Rr, Rr, Xoc, Xoc, Icn, Icn, Icn, Icn, Icn, Icn, Icn, Icn, Iwr, Xoc, Xoc, Rr, Rr, Rr, Rr, Rr, Rr, Rr, Rr, Rr, Xos, Rr, Rr, Rrc, Rrc, Rrc, Rrc, Rrc, Rrc, Rrc, Rrc, Rrc, Rrc, Rrc, Rrc, Rrc, Rrc, Ch, Ch, Gg, Gg, Gg, Gg, Gg, Gg, Gg, Gg
Ww, Ww, Gg, Gg, Gg, Ch, Ch, Rrc, Rrc, Rrc, Rrc, Rrc, Rrc, Rrc, Rrc, Rr, Rr, Rr, Rr, Rr, Rr, Xoc, Xoc, Icn, Icn, Icn, Icn, Icn, Xoc, Xoc, Rr, Rr, Rr, Rr, Rr, Rr, Rr, Rr, Rr, Rr, Rrc, Rrc, Rrc, Rrc, Rrc, Rrc, Rrc, Rrc, Rrc, Rrc, Rrc, Rrc, Rrc, Rrc, Rrc, Rrc, Rrc, Ch, Gg, Gg, Gg, Gg, Gg, Gg, Gg, Gg, Gg, Gg
Ww, Gg, Gg, Gg, Gg, Gg, Ww, Ch, Ww, Rrc, Rrc, Rrc, Rrc, Rrc, Rrc, Rrc, Rr, Rr, Rr, Rr, Rr, Rr, Rr, Xoc, Xoc, Icn^Ebn, Xoc, Xoc, Rr, Rr, Rr, Rr, Rr, Rr, Rr, Rr, Rr, Rr, Rrc, Rrc, Rrc, Rrc, Rrc, Rrc, Rrc, Rrc, Rrc, Rrc, Rrc, Rrc, Rrc, Rrc, Rrc, Rrc, Rrc, Rrc, Rrc, Ch, Gg, Gg, Gg, Gg, Gg, Gg, Gg, Gg, Gg, Gg
Gg^Eff, Ww, Ww, Gg, Ww, Ww, Ch, Ch, Ch, Ww, Rrc, Rrc, Rrc, Rrc, Rrc, Rrc, Rrc, Rr, Rr, Rr, Rr, Rr, Rr, Rr, Rr, Xoc^Efs, Rr, Rr, Rr, Rr, Rr, Rr, Rr, Rr, Rr, Rr, Rrc, Rrc, Rrc, Rrc, Rrc, Rrc, Rrc, Rrc, Rrc, Rrc, Rrc, Rrc, Rrc, Rrc, Rrc, Rrc, Rrc, Rrc, Rrc, Rrc, Rrc, Ch, Gg, Gg, Gg, Gg, Gg, Gg, Gg, Gg, Gg, Gg
Gg^Gvs, Gg^Gvs, Gg^Gvs, Ww, Ch, Ch, Ch, Ch, Ch, Ch, Rrc, Rrc, Rrc, Rrc, Rrc, Rrc, Rrc, Rrc, Rrc, Rrc, Rrc, Rr, Rr, Rr, Rr, Rr, Rr, Rr, Rr, Rr, Rr, Rr, Rrc, Rr, Rrc, Rrc, Rrc, Rrc, Rrc, Rrc, Rrc, Rrc, Rrc, Rrc, Rrc, Rrc, Rrc, Rrc, Rrc, Rrc, Rrc, Rrc, Rrc, Rrc, Ch, Rrc, Ch, Ch, Gg, Gg, Gg, Gg, Gg, Gg, Gg, Gg, Gg, Gg
Gg^Gvs, Gg^Gvs, Gg^Gvs, Ch, Kh, Ch, Ch, Ch, Ch, Ch, Rrc, Rrc, Rrc, Rrc, Rrc, Rrc, Rrc, Rrc, Rrc, Rrc, Rrc, Rr, Rr, Rr, Rr, Rr, Rr, Rr, Rr, Rr, Rrc, Rrc, Rrc, Rrc, Rrc, Rrc, Rrc, Rrc, Rrc, Rrc, Rrc, Rrc, Rrc, Rrc, Rrc, Rrc, Rrc, Rrc, Rrc, Rrc, Ch, Ch, Ch, Ch, Gg, Ch, Gg, Gg, Gg, Gg, Gg, Gg, Gg, Gg, Gg, Gg, Gg, Gg
Rrc, Gg^Gvs, Ch, Ch, Ch, Ch, Ch, Ch, Ch, Ch, Rrc, Rrc, Rrc, Rrc, Rrc, Rrc, Rrc, Rrc, Rrc, Rrc, Rrc, Rrc, Rrc, Rr, Rr, Rr, Rrc, Rr, Rrc, Rrc, Rrc, Rrc, Rrc, Rrc, Rrc, Rrc, Rrc, Rrc, Rrc, Rrc, Rrc, Rrc, Rrc, Rrc, Rrc, Rrc, Rrc, Rrc, Rrc, Ch, Gg, Gg, Gg, Gg, Gg, Gg, Gg, Gg, Gg, Gg, Gg, Gg, Gg, Gg, Gg, Gg, Gg, Gg
Ch, Rrc, Rrc, Rr^Vhc, Rr, Rr^Vhc, Rr^Vhc, Rr^Vhc, Rr^Vhc, Ch, Rrc, Rrc, Rrc, Rrc, Rrc, Rrc, Rrc, Rrc, Rrc, Rrc, Rrc, Rrc, Rrc, Rrc, Rrc, Rrc, Rrc, Rrc, Rrc, Rrc, Rrc, Rrc, Rrc, Rrc, Rrc, Rrc, Rrc, Rrc, Rrc, Rrc, Rrc, Rrc, Rrc, Rrc, Rrc, Rrc, Rrc, Rrc, Ch, Ch, Gg, Gg, Gg, Gg, Gg, Gg, Gg, Gg, Gg, Gg, Gg, Gg, Gg, Gg, Gg, Gg, Gg, Gg
Ch, Rrc, Rr^Vd, Rrc, Rrc, Rrc, Rrc, Rr, Rrc, Rrc, Rrc, Rrc, Rrc, Rrc, Rrc, Rrc, Rrc, Rrc, Rrc, Rrc, Rrc, Rrc, Rrc, Rrc, Rrc, Rrc, Rrc, Rrc, Rrc, Rrc, Rrc, Rrc, Rrc, Rrc, Rrc, Rrc, Rrc, Rrc, Rrc, Rrc, Rrc, Rrc, Rrc, Rrc, Rrc, Rrc, Ch, Ch, Gg, Gg, Gg, Gg, Gg, Gg, Gg, Gg, Gg, Gg, Gg, Gg, Gg, Gg, Gg, Gg, Gg, Gg, Gg, Gg
Kh, Rrc, Rrc, Rrc, Rrc, Rr^Vhc, Rr^Vhc, Rrc, Rrc, Rrc, Rrc, Rrc, Rrc, Rrc, Rrc, Rrc, Rrc, Rrc, Rrc, Rrc, Rrc, Rrc, Rrc, Rrc, Rrc, Rrc, Rrc, Rrc, Rrc, Rrc, Rrc, Rrc, Rrc, Rrc, Rrc, Rrc, Rrc, Rrc, Rrc, Rrc, Rrc, Rrc, Ch, Ch, Ch, Ch, Gg, Gg, Gg, Gg, Gg, Gg, Gg, Gg, Gg, Gg, Gg, Gg, Gg, Gg, Gg, Gg, Gg, Gg, Gg, Gg, Gg, Gg
Ch, Ch, Rrc, Rrc, Rr^Vd, Rrc, Rrc, Rrc, Rrc, Rrc, Rrc, Rrc, Rrc, Rrc, Rrc, Rrc, Rrc, Rrc, Rrc, Rrc, Rrc, Rrc, Rrc, Rrc, Rrc, Rrc, Rrc, Rrc, Rrc, Rrc, Rrc, Rrc, Rrc, Rrc, Rrc, Rrc, Rrc, Rrc, Rrc, Rrc, Ch, Ch, Gg, Gg, Gg, Gg, Gg, Gg, Gg, Gg, Gg, Gg, Gg, Gg, Gg, Gg, Gg, Gg, Gg, Gg, Gg, Gg, Gg, Gg, Gg, Gg, Gg, Gg
Rrc, Rrc, Rrc, Rrc, Rrc, Rrc, Rr^Vhc, Rr^Vhc, Rr^Vhc, Rrc, Rrc, Rrc, Rrc, Rrc, Rrc, Rrc, Rrc, Rrc, Rrc, Rrc, Rrc, Rrc, Rrc, Rrc, Rrc, Rrc, Rrc, Rrc, Rrc, Rrc, Rrc, Rrc, Rrc, Rrc, Rrc, Rrc, Rrc, Rrc, Rrc, Ch, Gg, Gg, Gg, Gg, Gg, Gg, Gg, Gg, Gg, Gg, Gg, Gg, Gg, Gg, Gg, Gg, Gg, Gg, Gg, Gg, Gg, Gg, Gg, Gg, Gg, Gg, Gg, Gg
Gg, Gs^Vh, Rrc, Ch, Ch, Ch, Ch, Ch, Ch, Rrc, Rrc, Rrc, Rrc, Rrc, Rrc, Rrc, Rrc, Rrc, Rrc, Rrc, Rrc, Rrc, Rrc, Rrc, Rrc, Rrc, Rrc, Rrc, Rrc, Rrc, Rrc, Rrc, Rrc, Rrc, Rrc, Rrc, Ch, Rrc, Ch, Ch, Gg, Gg, Gg, Gg, Gg, Gg, Gg, Gg, Gg, Gg, Gg, Gg, Gg, Gg, Gg, Gg, Gg, Gg, Gg, Gg, Gg, Gg, Gg, Gg, Gg, Gg, Gg, Gg
Gg, Gs^Vh, Rrc, Gs^Vh, Gg, Gg, Gg, Gg, Gg, Ch, Ch, Rrc, Rrc, Rrc, Rrc, Rrc, Rrc, Rrc, Rrc, Rrc, Rrc, Rrc, Rrc, Rrc, Rrc, Rrc, Rrc, Rrc, Rrc, Rrc, Ch, Rrc, Ch, Ch, Ch, Ch, Gg, Ch, Gg, Gg, Gg, Gg, Gg, Gg, Gg, Gg, Gg, Gg, Gg, Gg, Gg, Gg, Gg, Gg, Gg, Gg, Gg, Gg, Gg, Gg, Gg, Gg, Gg, Gg, Gg, Gg, Gg, Gg
Gg, Gg, Rrc, Gg, Gg, Gg, Gg, Gg, Gg, Gg, Gg, Ch, Ch, Ch, Ch, Rrc, Ch, Rrc, Rrc, Rrc, Rrc, Rrc, Rrc, Rrc, Ch, Rrc, Ch, Ch, Ch, Ch, Gg, Ch, Gg, Gg, Gg, Gg, Gg, Gg, Gg, Gg, Gg, Gg, Gg, Gg, Gg, Gg, Gg, Gg, Gg, Gg, Gg, Gg, Gg, Gg, Gg, Gg, Gg, Gg, Gg, Gg, Gg, Gg, Gg, Gg, Gg, Gg, Gg, Gg
Gg, Gg, Rrc, Gg, Gg, Gg, Gg, Gg, Gg, Gg, Gg, Gg, Gg, Gg, Gg, Ch, Gg, Ch, Ch, Rrc, Ch, Ch, Ch, Ch, Gg, Ch, Gg, Gg, Gg, Gg, Gg, Gg, Gg, Gg, Gg, Gg, Gg, Gg, Gg, Gg, Gg, Gg, Gg, Gg, Gg, Gg, Gg, Gg, Gg, Gg, Gg, Gg, Gg, Gg, Gg, Gg, Gg, Gg, Gg, Gg, Gg, Gg, Gg, Gg, Gg, Gg, Gg, Gg
Gg, Gg, Rrc, Gg^Vwm, Rrc, Gg, Gg, Gg, Gg, Gg, Gg, Gg, Gg, Gg, Gg, Gg, Gg, Gg, Gg, Ch, Gg, Gg, Gg, Gg, Gg, Gg, Gg, Gg, Gg, Gg, Gg, Gg, Gg, Gg, Gg, Gg, Gg, Gg, Gg, Gg, Gg, Gg, Gg, Gg, Gg, Gg, Gg, Gg, Gg, Gg, Gg, Gg, Gg, Gg, Gg, Gg, Gg, Gg, Gg, Gg, Gg, Gg, Gg, Gg, Gg, Gg, Gg, Gg
