border_size=1
usage=map

Xu, Xu, Xu, Xu, Xu, Xu, Xu, Xu, Xu, Xu, Xu, Xu, Xu, Xu, Xu, Xu, Xu, Xu, Xu, Xu, Xu, Xu, Xu, Xu, Xu, Xu, Xu, Xu, Xu, Xu, Xu, Xu, Xu, Xu, Xu, Xu, Xu, Xu, Xu, Xu, Ms^Xm, Ms^Xm, Ms^Xm, Ms^Xm, Ms, Ms^Xm, Ms^Xm, Aa^Fma, Ms^Xm, Aa^Fma, Ms, Ms, Ms^Xm, Ms^Xm, Ms^Xm, Ms^Xm, Ms^Xm, Md, Ms^Xm, Mm, Mm, Mm, Mm, Mm, Mm, Mm, Mm, Mm, Mm, Mm, Mm, Ms^Xm, Ms^Xm, Ms^Xm, Ms^Xm, Ms^Xm, Ms^Xm, Md^Xm, Md^Xm, Md^Xm, Md^Xm, Md^Xm
Xu, Xu, Qlf, Uu, Qlf, Uu, Xu, Xu, Xu, Xu, Xu, Xu, Xu, Xu, Xu, Xu, Xu, Xu, Xu, Xu, Xu, Xu, Uu^Em, Uu^Em, Uu^Em, Xu, Urb, Uu, Uu^Vu, Uu, Urb, Uu^Edb, Uu^Edb, Xu, Xu, Xu, Xu, Xu, Xu, Xu, Xu, Ms^Xm, Ms^Xm, Ms^Xm, Ms, Ms^Xm, Ms^Xm, Ms^Xm, Ms^Xm, Aa^Fda, Aa^Fda, Ms^Xm, Aa^Voa, Ms^Xm, Ms^Xm, Ms^Xm, Ms^Xm, Ms^Xm, Mm, Mm, Hh, Mm, Hh, Mm, Hh, Mm, Hh, Mm, Hh, Mm, Mm, Ha, Ha, Ms^Xm, Ha, Ms^Xm, Ms^Xm, Ms^Xm, Md^Xm, Md^Xm, Md^Xm, Ms^Xm
Xu, Qlf, Uue^Edb, Qlf, Qlf, Uu, Xu, Xu, Xu, Xu, Xu, Xu, Xu, Xu, Xu, Xu, Xu, Xu, Xu, Xu, Uu^Em, Uu^Emf, Uu^Em, Uu^Em, Urb, Urb, Uu^Ecf, Xu, Xu, Uu, Uu^Edb, Uu^Edb, Uu^Edb, Uu^Edb, Xu, Xu, Xu, Xu, Xu, Xu, Xu, Ms^Xm, Ms^Xm, Ms, Ms, Ms, Ms, Ms^Xm, Ms^Xm, Ms^Xm, Ms, Ha, Ms, Ms, Ms^Xm, Ms^Xm, Mm, Mm, Hh, Hh, Ww, Mm, Mm, Hh, Mm, Hh, Mm, Hh, Hh, Mm, Mm, Mm, Ms^Xm, Ha, Ha, Ms^Xm, Ms^Xm, Ms^Xm, Md^Xm, Ms^Xm, Ms^Xm, Ms^Xm
Xu, Qlf, Qlf, Qlf, Uu, Xu, Xu, Xu, Xu, Xu, Xu, Xu, Xu, Xu, Xu, Xu, Xu, Xu, Xu, Cud, Uu, Uu^Em, Urb, Uu, Xuc, Xu, Uu^Edb, Uu^Edb, Uu^Edb, Xu, Xu, Uu^Edb, Uu^Edb, Uu^Edb, Xu, Xu, Xu, Xu, Xu, Xu, Xu, Ms^Xm, Ms^Xm, Ms, Ms^Xm, Ms, Ms, Ms^Xm, Ms, Ms^Xm, Ms^Xm, Ms, Ms^Xm, Ms^Xm, Ms^Xm, Ms^Xm, Mm, Hh, Wo, Wo, Ww, Ww, Ww, Mm, Mm^Xm, Mm, Md^Xm, Md, Ms^Xm, Ms^Xm, Mm, Ms^Xm, Ha, Ha, Ms^Xm, Ms^Xm, Ms^Xm, Ms^Xm, Ms^Xm, Ms^Xm, Ms^Xm, Ms^Xm
Xu, Uu, Uu, Uu^Em, Xu, Xu, Xu, Xu, Xu, Xu, Xu, Xu, Xu, Xu, Xu, Xu, Xu, Xu, Cud, Cud^Edt, Uu^Edt, Uu, Urb, Xuc, Uu^Ecf, Xu, Xu, Uu^Edb, Uu^Edt, Uu^Edt, Xu, Urb^Esd, Xu, Xu, Cud, Xu, Uu^Uf, Xu, Xu, Xu, Xu, Xu, Mm^Xm, Mm^Xm, Ms, Ms, Ms, Ms, Ms, Ms, Mm, Ms^Xm, Ms^Xm, Ms^Xm, Mm, Mm, Mm, Wo, Wo, Ww, Ww, Ww, Ww, Mm, Mm^Xm, Mm, Mm, Md^Xm, Md^Xm, Mm, Mm, Ms, Ha, Ms^Xm, Ms^Xm, Md^Xm, Md^Xm, Ms^Xm, Ms^Xm, Ms^Xm, Ms^Xm, Ms^Xm
Xu, Xu, Uu, Xu, Xu, Xu, Xu, Xu, Xu, Xu, Xu, Xu, Xu, Xu, Xu, Xu, Xu, Xu, Uu, Uu^Esd, Urb^Edt, Urb^Edt, Xuc, Xu, Urb, Uu^Edb, Uu^Edt, Xu, Xu, Xu, Uu^Edt, Urb, Xu, Cud^Edb, Uue, Uue, Xu, Xu, Xu, Xu, Xu, Xu, Mm^Xm, Mm, Ms, Ha, Hh, Mm, Mm, Mm, Mm, Mm, Mm, Mm, Mm, Mm, Gs, Wo, Ww, Ww, Ww, Ww, Ww, Mm, Mm^Xm, Mm, Mm, Mm, Mm, Md^Xm, Wwr, Ai, Ms^Xm, Ms^Xm, Ms^Xm, Md^Xm, Ms^Xm, Md^Xm, Ms^Xm, Ms^Xm, Ms^Xm, Ms^Xm
Xu, Xu, Uu, Xu, Xu, Xu, Xu, Xu, Xu, Xu, Xu, Xu, Xu, Xu, Xuc, Xu, Cud, Xu, Uu, Urb, Uu, Xuc, Uu^Edb, Urb^Edb, Urb^Edb, Urb, Uu^Edt, Uu^Es, Xu, Uu^Edt, Xu, Uu^Ecf, Uu^Edb, Uue, Uue, Xu, Xu, Xu, Xuc, Xuc, Xu, Mm^Xm, Mm^Xm, Mm, Mm, Hh, Mm, Mm, Mm, Mm, Hh, Mm, Mm, Mm, Mm, Gll^Fmf, Gs, Wo, Wo, Ww, Mm, Mm, Mm, Wwr, Mm, Mm^Xm, Mm, Mm, Mm, Md^Xm, Ww, Ms^Xm, Mm^Xm, Ms^Xm, Mm^Xm, Ms^Xm, Ms^Xm, Md^Xm, Ms^Xm, Ms, Ms, Ms^Xm
Xu, Xu, Uu, Xu, Xu, Xu, Xu, Xu, Xu, Xu, Xu, Uu, Xu, Xu, Xuc, Xuc, Xuc, Uu, Uu^Esd, Urb, Uue^Edt, Xu, Uu^Edt, Urb^Edb, Urb^Edb, Xu, Uu^Edt, Uu^Edt, Uu^Edb, Xu, Uu, Uu, Urb^Edb, Uue, Xu, Xu, Xu, Xuc, Uu^Emf, Wwg, Wwg, Xu, Xu, Mm^Xm, Mm^Xm, Hh, Hh, Mm, Hh, Hh, Mm, Mm, Mm, Mm, Mm, Gll^Fmf, Mm, Gs, Hh, Mm, Mm, Mm, Mm, Wwr, Mm, Mm, Mm, Mm, Mm, Ww, Ha, Ms^Xm, Ms^Xm, Ms^Xm, Ms^Xm, Ms^Xm, Ms^Xm, Ms^Xm, Ms^Xm, Ms, Ms, Ms^Xm
Xu, Xu, Uu, Xu, Xu, Xu, Uue, Xu, Uu^Emf, Xu, Uu, Uu, Xu, Xu, Xuc, Xuc, Xuc, Uu^Edb, Urb^Edt, Uu, Uu^Ecf, Xu, Xu, Urb^Edb, Xu, Xu, Xu, Uu^Edb, Uu, Xu, Uue, Uu, Urb^Edb, Uu, Xu, Xu, Xuc, Xuc, Uu, Uu^Uf, Uu^Em, Wwg, Wwrg, Xu, Ms^Xm, Md, Md, Hh, Mm, Mm, Mm, Mm, Mm, Mm, Mm, Mm, Mm, Mm, Mm, Mm, Hh^Vhh, Mm, Mm, Ww, Ww, Mm, Ww, Mm, Ww, Ww, Mm, Ms, Ms, Ms^Xm, Ms^Xm, Mm^Xm, Ms^Xm, Ms, Ms, Ms, Ms^Xm, Ms^Xm
Xu, Urb, Urb^Edt, Uu, Uu, Urb, Xu, Xu, Xu, Uu^Em, Uu, Uu, Uu, Xuc, Xuc, Xuc, Uu^Edb, Urb^Edt, Urb, Xu, Uu, Uu, Xu, Xu, Uu^Edb, Uu^Es, Uu^Edt, Xu, Uu^Vu, Uu, Uu^Edt, Uu^Edt, Urb, Uu, Xuc, Xuc, Xuc, Xuc, Uu^Es, Uu^Edt, Uu^Emf, Wwg, Xu, Xu, Ms^Xm, Ms, Hhd, Hhd, Md, Mm, Mm, Mm, Mm, Ms, Ms, Mm, Mm, Mm, Hh, Gs, Mm, Mm, Mm, Ww, Mm, Ww, Mm, Ww, Mm, Mm, Mm, Mm, Mm, Ms, Ms, Ms^Xm, Ms, Ms, Ms, Ms, Ms^Xm, Ms^Xm
Xu, Uu^Dr, Uu, Urb^Edb, Uu, Xu, Xu, Xu, Xu, Uu^Em, Uu, Uu^Vud, Uu, Uu^Edb, Xuc, Uu^Edb, Uu^Edb, Urb, Urb, Xu, Uu, Uu^Vud, Xu, Uu^Edb, Uu^Edb, Uu^Edt, Uu^Ecf, Xu, Xu, Uu, Uu^Edt, Uu^Edt, Urb^Edt, Uu^Edt, Xuc, Xuc, Xu, Xu, Uh, Uu^Es, Xu, Wwg, Wwg, Xu, Ms^Xm, Ha, Md, Md, Md, Md, Hh, Hh, Mm, Mm, Mm, Ms, Mm, Mm, Mm, Mm, Mm, Mm, Ww, Ww, Mm, Mm, Ms, Mm, Mm, Mm, Mm, Mm, Ha, Mm, Mm, Ms, Ms, Ms, Ha, Ms, Ms, Ms
Xu, Xu, Urb, Urb, Uu, Xu, Xu, Xu, Uu, Uu, Uu, Uu, Uu^Esd, Xuc, Xuc, Uu, Cud, Urb, Urb, Xu, Xu, Xu, Uu^Em, Xu, Xu, Xu, Uu, Uu, Urb, Urb, Uu, Uu^Edt, Uu^Edb, Urb^Edt, Uu, Xu, Uu^Edt, Uu, Uu^Es, Xu, Uue^Em, Uu^Em, Wwg, Xu, Ms^Xm, Ha, Ai, Md, Mm, Mm, Mm, Mm, Ms, Ms, Mm, Mm, Wwrg, Mm, Mm, Mm, Mm, Ww, Mm, Mm, Mm, Mm, Mm, Mm, Mm, Mm, Mm, Ha, Ms, Mm, Mm, Mm, Ms, Ha, Ms, Ms, Ms, Ms
Xu, Xu, Uu, Uu, Xu, Xu, Xu, Uu^Vu, Uu, Uu, Uu, Uu, Uu, Xuc, Xuc, Uu, Cud, Urb, Cud^Edt, Urb, Urb, Uu^Em, Uu, Uu^Em, Xu, Uu^Edt, Uu^Edt, Uu^Edt, Uu^Edt, Xu, Xu, Uu, Urb^Edt, Urb^Edt, Uu^Edb, Uu, Uu, Uu^Edt, Uu^Es, Xu, Xu, Uu^Em, Uh^Emf, Xu, Ms^Xm, Ms^Xm, Ms^Xm, Ai, Mm, Mm, Mm, Mm, Mm, Mm, Mm, Mm, Mm, Wwg, Ww, Hh, Ww, Ww, Mm, Mm, Mm, Mm, Mm, Ms, Ms, Ha, Mm, Mm, Mm, Ms, Ms, Mm, Ms, Ms, Ms, Ha, Ha, Ha
Xu, Xu, Uu, Xu, Xu, Xu, Xu, Uu, Cud, Uu, Uu, Uu, Uu^Edb, Xuc, Xuc, Uu, Uu, Cud^Edt, Urb, Cud^Edt, Cud^Edt, Urb, Uu, Uu, Uu, Xu, Xu, Uu, Uu, Xu, Xu, Uu, Urb, Uu^Edb, Uu^Edb, Uu^Edb, Xu, Uu, Xu, Xu, Xu, Uu, Xuc, Xuc, Ms^Xm, Ms^Xm, Md, Wwr, Mm, Mm, Mm, Mm, Mm, Mm, Hh, Mm, Mm, Mm, Mm, Ww, Mm, Mm, Mm, Mm, Hh, Hh, Mm, Mm, Mm, Mm, Mm, Mm, Mm, Mm, Mm, Ms, Ms, Mm, Ms, Mm, Hh, Mm
Xu, Xu, Uu, Xu, Xu, Xu, Uu, Uu, Cud, Uu, Uu^Edb, Uu, Uu^Edb, Uu, Xuc, Uu^Edb, Uu^Edb, Uu, Urb, Urb, Cud, Urb, Urb, Uu^Edt, Uu^Em, Uu^Em, Wwg, Xuc, Uu, Uu^Es, Uu^Esd, Xu, Uu, Uu^Edb, Xu, Xu, Xu, Xu, Qxu, Uu^Vu, Xu, Uu^Vu, Xu, Xuc, Mm^Xm, Ms, Md, Ww, Ww, Mm, Mm, Mm, Mm, Mm, Hh, Mm, Mm, Mm, Ww, Ww, Mm, Mm, Mm, Mm, Mm, Mm, Mm, Mm, Mm, Mm, Mm, Mm, Mm, Mm, Ms, Ms, Ms, Ms, Ms, Mm, Hh, Hh
Xu, Urb^Edb, Urb, Uu, Uu, Uu, Uu, Uue, Cud, Uu, Uu, Uu^Edb, Uu^Edb, Uu^Edb, Uu^Edb, Xuc, Xuc, Uu^Edb, Uu, Cud, Uu, Urb, Urb, Uu^Edt, Uu^Edt, Uu^Emf, Wwg, Xuc, Xu, Uu^Es, Xu, Xu, Xu, Uu, Xu, Xu, Uu, Uu, Qxu, Uu, Xu, Xu, Xu, Xuc, Xu, Mm^Xm, Mm^Xm, Mm, Mm, Ww, Ww, Mm, Mm, Mm, Hh, Mm, Mm, Ww, Mm, Mm, Mm, Mm, Hh, Hh, Mm, Mm, Mm, Mm, Hh, Mm, Mm, Mm, Ha, Mm, Ms, Ms, Ha^Vhha, Ms, Ms, Mm, Mm, Mm
Xu, Uu^Edt, Urb, Uu, Uu, Uu, Uu, Cud, Uu, Uu, Urb^Edb, Urb^Edb, Urb^Edb, Urb^Edb, Uu^Edb, Uu^Edb, Xuc, Uu^Edb, Uu, Uu^Edt, Uu^Edt, Uu, Urb^Edb, Uu, Uu^Em, Uu^Uf, Xu, Xu, Xu, Xu, Xu, Xu, Urb, Xu, Urb^Edt, Uu^Edt, Qxu^Bs\, Qxu, Ur, Qxu, Qxu, Qxu, Qxu, Xu, Xu, Xu, Mm^Xm, Mm^Xm, Mm, Mm, Ww, Mm, Mm, Hh, Hh, Mm, Ww, Ww, Mm, Mm, Mm, Mm, Mm, Mm, Mm, Mm, Mm, Mm, Hh, Hh, Ch, Hh, Ch, Ha, Ha, Ha, Gs, Ms, Ms, Ms, Mm, Mm
Xu, Xu, Xu, Xu, Xu, Xu, Xu, Uu^Vu, Uu, Urb, Uu, Uu^Edb, Uu^Edb, Uu^Edb, Uu^Edb, Uu^Edb, Uu, Xuc, Uu, Uu, Uu, Uu^Edt, Uu^Edt, Urb^Edb, Uu, Uu^Em, Xu, Xu, Xu, Uu^Edt, Uu^Edt, Uu, Xu, Urb^Edb, Xu, Qxu, Qxu, Ur, Qxu, Qxu^Bp\, Ur, Qxu, Qxu, Qxu, Mm^Xm, Mm^Xm, Mm, Mm, Mm, Mm, Mm, Ww, Mm, Mm, Gs, Hh, Ww, Mm, Mm, Mm, Mm, Mm, Hh, Mm, Mm, Mm, Mm, Mm, Hh, Kh, Rr, Ch, Rr, Ch, Ha, Mm, Mm, Hh, Mm, Mm, Mm, Mm
Xu, Xu, Cud, Xu, Cud, Cud, Cud, Xu, Xu, Urb, Urb, Uu^Edb, Uu^Edb, Uu^Edt, Uu^Edb, Uu^Edb, Uu, Urb, Uu, Uu, Xu, Xu, Urb, Uu, Xu, Xu, Uh^Es, Xu, Xu, Uu^Edt, Xu, Xu, Urb^Es, Xu, Qxu, Qxu, Qxu, Qxu, Qxu, Qxu, Qxu, Ur^Es, Qxu, Mm^Xm, Mm^Xm, Mm, Mm, Mm, Mm, Mm, Mm, Ww, Ww, Ww, Ww, Gs, Ww, Mm, Mm, Mm, Mm, Hh, Mm, Mm, Mm, Mm, Hh, Hh, Mm, Rr, Rr, Rr^Vhc, Rr, Rrc^Vhca, Ha, Mm, Mm, Hh, Mm, Mm, Wog, Wog
Xu, Cud, Cud, Cud, Xu, Xu, Cud, Cud, Uu, Xu, Urb, Uu, Uu^Em, Uu^Edb, Uu, Uu^Edb, Uu, Urb, Uu, Xu, Xu, Urb^Edb, Uu, Uu, Uh^Edt, Uh^Es, Xu, Xu, Xu, Xu, Xu, Urb^Es, Qxu, Qxu^Bs\, Ur, Qxu, Qxu, Qxua, Qxua, Qxu, Qxu, Qxu^Bp|, Xuce, Xu, Xu, Mm, Hh, Mm, Mm, Mm, Mm, Mm, Mm, Mm, Mm, Ww, Mm, Mm, Mm, Mm, Hh, Hh, Hh, Mm, Mm, Mm, Mm, Mm, Md, Ch, Ch, Rr, Ch, Kh, Rr, Md, Mm, Mm, Mm, Wog, Mm, Mm
Xu, Cud, Cud, Cud, Cud, Uu^Dr, Uu^Em, Kud, Uu, Urb, Uu, Xu, Xu, Uu^Em, Xu, Uu, Urb, Urb, Uu, Xu, Xu, Urb^Edb, Uu, Uu, Uu, Xu, Uu^Es, Uu, Uu, Xu, Uu, Urb, Qxu, Qxu, Qxua, Ur^Es, Qxu^Bs\, Qxu, Qxu, Qxu, Qxu, Uue, Xuce, Xu, Xu, Xu, Hh, Mm, Mm, Mm, Mm, Mm, Mm, Mm, Mm, Ww, Mm, Mm, Ww, Wwr, Mm, Mm, Mm, Mm, Mm, Mm, Mm, Mm, Md, Rr, Rr, Ch, Rr, Ch, Rr, Md, Mm, Hh, Gs, Wog, Wwrg, Mm
Xu, Xu, Uu^Em, Cud, Uu, Uu, Urb, Uu, Uu, Urb, Uu, Uu, Xu, Xu, Uu^Em, Uu, Uu, Uu, Xu, Uu^Vud, Xu, Urb^Edb, Uu^Dr, Uu, Uu^Es, Uu^Es, Uu^Es, Uu^Es, Uu, Xu, Uu, Qxu, Qxu, Qxu, Qxua, Qxu, Qxu, Ur, Qxu^Bs\, Qxu, Ur, Uue, Xuc, Xu, Mm^Xm, Hh, Mm, Mm, Mm, Mm, Mm, Mm, Mm, Mm, Mm, Ww, Ww, Ww, Mm, Mm, Mm, Hh, Mm, Mm, Mm, Mm, Mm, Mm, Md, Md, Rr, Rr, Md, Rr, Rr, Md, Md, Mm, Mm, Mm, Wwrg, Mm
Xu, Urb, Urb, Uu^Em, Urb, Uu^Vud, Uh, Uu, Uh, Urb, Uh, Uu, Xu, Uu^Uf, Xu, Xu, Xu, Xu, Xu, Xu, Xu, Uh^Edb, Uu, Urb, Urb, Uu^Es, Uu, Uu, Urb^Es, Xu, Qxu, Qxu^Bs\, Ur^Es, Qxu, Qxu, Qxu, Qxu, Qxu, Xuc, Ur, Xu, Xuce, Mm^Xm, Mm^Xm, Hh, Hh, Mm, Mm, Mm, Mm, Mm, Mm, Mm, Mm, Hh, Hh, Ww, Mm, Mm, Mm, Hh, Hh, Mm, Mm, Mm, Mm, Mm, Mm, Md, Rr, Md, Md, Md, Md, Mm, Rr, Hh, Mm, Mm, Wog, Mm, Mm
Xuce, Xu, Uu, Urb, Uh, Uh, Hh, Xu, Hh, Uh, Uh, Xu, Xu, Xu, Xu, Xu, Xu, Xu, Uue^Emf, Xu, Xu, Uh^Edt, Xu, Xu, Uu, Urb, Urb^Es, Urb^Es, Qxu^Bs\, Qxu, Qxu, Qxu, Qxu^Bp|, Qxu, Qxu, Qxu, Xue, Xue, Md^Xm, Xuc, Md^Xm, Mm^Xm, Md^Xm, Hh, Gg, Gs^Fds, Gs^Fds, Mm, Hh, Mm, Mm, Mm, Mm, Mm, Gg, Ww, Hh, Mm, Mm, Mm, Hh, Mm, Mm, Mm, Mm, Mm, Mm, Mm, Md, Rr, Rr, Md, Md, Md, Hh, Hh, Gs, Hh, Wwrg, Wog, Mm, Mm
Xuce, Xu, Xu, Uh, Hh, Hh, Gs^Fds, Hh, Hh, Hh, Hh, Xu, Xu, Xu, Xu, Uue, Xu, Uue, Uu, Xu, Uu, Xu, Uu, Uu, Uu, Urb^Es, Uu, Uu, Qxua, Urb, Qxu^Bs\, Qxu, Ur^Es, Qxu, Qxu, Qxu, Xue, Xu, Md^Xm, Md^Xm, Md^Xm, Md^Xm, Hh, Hh, Gg, Gg, Gg, Gs^Fds, Hh, Hh, Hh, Mm, Gll^Fmf, Gg, Ww, Ww, Gs^Fds, Mm, Mm, Mm, Mm, Hh, Hh, Mm, Mm, Mm, Mm, Mm, Mm, Md, Rr^Es, Md, Md, Mm, Gs^Fds, Gg, Wog, Gg, Wog, Mm, Mm, Mm
Xu, Xu, Mm^Xm, Mm^Xm, Hh, Rp, Gg, Gs^Fds, Hh, Hh, Hh, Mm^Xm, Mm^Xm, Xu, Uu^Vud, Uu, Uu, Xu, Uu, Uu, Uu^Edt, Uu, Uu, Uu, Uu, Urb, Uue^Em, Uue^Em, Xu, Qxua, Qxua, Ur, Qxu, Qxu, Xue, Xue, Xu, Xu, Xu, Xu, Hh, Hh, Gs^Fds, Gg, Gg, Gg, Gg, Gs^Fds, Gll^Fmf, Hh, Gg, Gs^Fds, Gg, Gg, Ww, Gg, Gs^Fds, Mm, Mm, Mm, Mm, Mm, Rp, Hhd^Vhhr, Mm, Mm, Mm, Mm, Mm, Md, Md, Rp, Md, Hh, Mm, Wog, Mm, Wog^Bsb|, Mm, Mm, Mm, Mm
Mm^Xm, Mm^Xm, Hh, Hh, Rp, Rp, Gg, Gg, Gg, Rp, Rp, Mm, Mm^Xm, Xu, Xu, Uu, Urb^Edt, Uu^Edt, Urb, Urb^Edb, Uu^Edt, Uu^Edt, Uu, Uu, Urb^Es, Urb^Esd, Xu, Xuc, Uue, Xuce, Xu, Qxu^Bs|, Qxu, Qxe, Uue, Uue, Mm^Xm, Mm^Xm, Hh, Hh, Gs^Fds, Gs^Fds, Gg, Gg, Gg, Gg, Gg, Gg, Gg, Gs^Fds, Gs^Fds, Gg, Gg, Gg, Ww^Ewl, Gg, Gg, Hh, Hh, Hh, Gs^Fds, Mm, Rp, Mm, Mm, Mm, Gs^Fds, Mm, Mm, Hh^Vhh, Hh, Rp^Es, Md, Mm, Wog, Wog, Mm, Rp, Mm, Mm, Mm, Mm
Gs^Fds, Gs^Fds, Gs^Fds, Gs^Fds, Rp, Gg, Gg, Gg, Gg, Gg, Rp, Mm, Mm^Xm, Mm^Xm, Mm^Xm, Xu, Xu, Urb^Edt, Xu, Uu, Urb^Es, Uu, Uue^Edp, Urb^Es, Xu, Xu, Xu, Uue, Mm, Uue, Uue, Uue, Qxe, Qxe, Uue, Uue, Mm, Mm, Hh, Gll^Fmf, Gg, Gs^Fds, Gg, Gg, Gg, Gg, Gg, Gg, Gg, Gs^Fds, Gs^Fds, Gg, Gg, Gg, Ww, Gg, Gg, Hh, Hh, Gs, Gs, Gs^Fds, Rd, Hh, Hh, Gs^Fds, Gg, Hh, Hh, Mm, Rp, Rp^Em, Mm, Mm, Wog, Mm, Mm, Rp, Rr, Mm, Mm, Mm
Gg, Gs^Fds, Gg, Gg, Rp, Gg, Gg, Gg, Gg, Gg, Rp, Hh, Hh, Mm^Xm, Hhd^Vhhr, Mm^Xm, Mm^Xm, Xu, Xu, Xu, Xu, Urb^Es, Xu, Xu, Mm^Xm, Xu, Mm^Xm, Mm^Xm, Mm, Mm, Uue, Uue, Qxe, Uue, Mm, Mm, Hh, Hh, Gs^Fds, Hh, Gg, Gg, Gg, Gg, Gg, Gg, Gg, Gg, Gg, Gg, Gs^Fds, Gg, Gg, Ww, Wwr, Gg, Gg, Gg, Hh, Gs, Gg, Gg, Rp, Hh, Gg, Gg, Gg, Gg, Rp, Rp, Gs^Fds, Mm, Gs^Fds, Gs^Fds, Ss, Wog, Wog, Mm, Rr, Mm, Mm, Mm
Gg, Gg, Gg, Gg, Rp, Gg, Gg, Gg, Gg, Gg, Gg, Rp, Gg, Hh, Gg, Hh, Hh, Mm^Xm, Mm^Xm, Mm^Xm, Mm^Xm, Xu, Mm^Xm, Mm^Xm, Hh, Mm, Hh, Hh, Gg, Hh, Re, Qxua, Uue, Uue, Mm, Hh, Gs^Fds, Gs^Fds, Gg, Gg, Gg, Gg, Gg, Gg, Gg, Gg, Gg, Gg, Gg, Gs^Fds, Gg^Ve, Gg, Ww, Ww, Gg, Gg, Gg, Gg, Gs, Gg, Gg, Gg, Gg, Rp, Rp, Gg, Rp, Rp, Gg, Gs, Gs, Gs^Fds, Gg, Gg, Gs^Fds, Ss, Wog, Mm, Rp, Mm, Mm, Mm
Gg, Gg, Gg, Rp, Gg, Gg, Gg, Gg, Gg, Gg, Gg, Rp, Rp, Gg, Gs^Fds, Gg, Gs^Fds, Hh, Mm, Mm, Mm, Mm^Xm, Mm, Mm, Hh, Hh, Hh, Hh, Gg, Gs, Re, Re, Hh, Hh, Hh, Gs^Fds, Gg, Gg, Gg, Gg, Gg, Gg, Gg, Gg, Gg, Gg, Gg, Gg, Ww, Gg^Efm, Gg^Efm, Gg^Efm, Ww, Gg, Gg, Gg, Gg, Gg, Hh, Gg, Gg, Gg, Gg, Gg, Gg, Rp, Gg, Gg, Gs, Gs, Gg, Gg, Gg, Gg, Hh, Gs^Fds, Ww^Ewl, Hh, Gs, Hh, Gs^Fds, Gs^Fds
Gg, Gg, Gg, Rp, Gg, Gg, Gg, Gg, Gg, Gg, Gg, Gs^Fds, Gs^Fds, Rp, Gg, Gs^Fds, Gg, Gs^Fds, Gs^Fds, Mm, Mm, Mm, Hh, Hh, Hh, Hh, Gs^Fds, Gs^Fds, Rd, Rd, Gg, Gg, Gg, Hh, Gs^Fds, Gs^Fds, Gg, Gg, Gg, Gg, Gg, Gg, Gg, Gg, Ww, Gg, Ww, Ww, Gs^Fds, Ww, Ww, Ww, Gg, Gg, Gg, Gg, Gs^Fds, Gs^Fds, Hh, Gg, Gg, Gg, Gg, Gg, Gg, Rr, Gg, Gg, Gs^Fds, Hh, Hh, Gg, Hh, Hh, Hh, Hh, Ww, Gg, Gg, Gs, Gs, Gs
Gg, Gg, Gg, Gg, Gg, Gg, Gg, Gg, Gg, Gg, Gg, Gg, Gg, Gg, Gg, Rp, Rp, Gg, Gg, Hh, Hh, Hh, Gg, Gg, Gg, Gs^Fds, Gs^Fds, Rd, Gg, Gg, Gg, Gg, Gg, Gg, Gg, Gg, Gg, Gg, Gg, Gg, Wwrg, Wwrt, Ww, Ww, Gs^Fds, Ww, Hh, Gg, Gs^Fds, Wwr, Wwr, Wwrt, Gg, Gg, Gg, Gg, Hh, Hh, Hh, Gs^Fds, Gg, Gg, Gg, Gg, Gg, Rp, Gs^Fds, Gs^Fds, Ss, Ss, Ss, Gs^Fds, Ss, Gs^Fds, Ss, Ww, Ww, Gg, Gg, Gs, Gd, Gd
Gg, Gg, Gg, Rp, Gg, Gg, Gg, Gg, Gg, Gg, Gg, Gg, Gg, Gg, Gg, Gg, Gg, Gg, Rp, Gg, Gg, Gg, Gg, Gg, Gg, Gg, Gg, Rd, Gg, Gg, Gg, Gg, Hh, Hh, Hh, Hh, Gg, Gg, Wwrt, Wwrg, Wwr, Wwrt, Gs^Fds, Gs^Fds, Hh, Hh, Gg, Gg, Gg, Ss, Gg, Gg, Gg, Gg, Gg, Hh, Hh, Gs^Fds, Gg, Gg, Gg, Gg, Gg, Gg, Rr, Rr, Gs^Fds, Ss, Gg, Gg, Gg, Ss, Gg, Gg, Gg, Ww, Gg, Gg, Gg, Gg, Gg, Gd
Gg, Gg, Gg, Rp, Gg, Hh, Gg, Gg, Gg, Gg, Gg, Gs, Gg, Gg, Gg, Gg, Gg, Gg, Gg, Rp, Rp, Gg, Gs^Fds, Gg, Gg, Gg, Rd, Gg, Gg, Gg, Gg, Gg, Hh, Hh, Gs^Fds, Gs^Fds, Gg, Gg, Ww, Wwr, Gg, Gg, Gg, Gs^Fds, Gg, Gg, Gg, Gg, Gg, Gg, Gg, Gg, Gg, Gg, Gg, Hh, Gs^Fds, Gs^Fds, Gg, Gg, Gg, Gg, Gg, Gg, Rp, Gs^Fds, Gg, Ss, Gg, Gg, Gg, Gg, Ss, Gg, Ss, Ww, Ww, Gg, Gg, Gg, Gg, Gg
Gs^Fds, Gg, Gs^Fds, Gg, Gs^Fds, Gg, Gs^Fds, Gg, Gs^Fds, Gs^Fds, Hh, Gs, Hh, Gs^Fds, Gll^Fmf, Gg, Gg, Gg, Gg, Gg, Rp, Gs^Fds, Gs^Vh, Gg, Gg, Gg, Rd, Gg, Gg, Gg, Gg, Gs^Fds, Gs^Fds, Gs^Fds, Gg, Gg, Gg, Ww, Gg, Gg, Gg, Gg, Gg, Gg, Gg, Gg, Gg, Gg, Gg, Gg, Gg, Gg, Gg^Edb, Gg, Gg, Gg, Gg, Gg, Gg, Gg, Gg, Gg, Gg, Gg, Rr, Gs^Fds, Gs^Fds, Ss, Wog, Gg, Wog, Gs^Fds, Gs^Fds, Ss, Gs^Fds, Gs^Fds, Gs^Fds, Ww, Ww, Gg, Gg, Gg
Gs^Fds, Gs^Fds, Gg, Gs^Fds, Gg, Gs^Fds, Gs^Fds, Gs^Fds, Gg, Gg, Gg, Gs, Gg, Gs^Fds, Gs^Fds, Gg, Gg, Gg, Gg, Gg, Gg, Rp, Rp, Gg, Gg, Gg, Gg, Gg, Gg, Gg, Gg, Gs^Fds, Gs^Fds, Gs^Fds, Gg, Gg, Gg, Ww, Gg, Gg, Gg, Gg, Gg, Gg, Gs, Gg, Gg, Gg, Gg, Gg, Gg^Edb, Gg^Edb, Gg^Edb, Gd^Edb, Gd^Fetd, Gg, Gg, Gg, Gg, Gg, Gg, Gg, Gg, Gg, Rr, Gs^Fds, Gs^Fds, Gg, Gs^Fds, Wog, Gs^Fds, Gs^Fds, Gs, Gs^Fds, Gg, Gs^Fds, Gs^Fds, Ss, Ww, Gg, Gg, Gg
Ww, Gs^Fds, Ww, Gg, Ww, Gs^Fds, Gs^Fds, Gs^Fds, Gs^Fds, Gg, Gg, Gg, Gg, Gg, Gs^Fds, Gg, Gg, Gg, Gg, Gg, Gg, Gg, Gg, Rp, Gg, Gg, Rd, Gg, Gg, Gg, Gg, Gg, Gg, Gg, Gg, Gg, Ww, Ww, Gg, Gg, Gg, Gg, Gg, Gs, Gs, Rd^Edpp, Gg, Gg, Gg, Gg^Edb, Gg^Edb, Gg^Edb, Gg^Edb, Gd^Edb, Gs^Edb, Gg, Gg, Gg, Gg, Gg, Gg, Gg, Gg, Gg, Gg, Rr, Gs^Fds, Gs^Fds, Gg^Gvs, Gs^Fds, Gs^Fds, Gg, Gs, Gs, Gg, Gg, Gg, Gs^Fds, Ww, Gg, Gg, Gg
Gg, Ww, Gs^Ft, Ww, Gs^Fds, Ww, Ww, Gg, Gg, Gg, Gg, Gg, Gg, Gg, Gg, Gg, Gg, Gg, Gg, Gg, Gg, Gg, Gg, Rp, Rp, Gg, Rd, Gg, Gg, Gg, Gg, Gg, Gg, Gg, Gg, Gg, Ww, Ww, Gg, Gg, Gg, Gg, Gg, Gs, Gd, Gg, Gg, Gg, Gg, Gg, Gg, Gg^Edb, Gg, Gg^Edb, Gg^Edb, Gg^Edb, Gg, Gg, Gg, Gg, Gg, Gg, Gg, Gg, Gg, Rr, Gs^Vh, Gg^Gvs, Gg^Gvs, Gg^Gvs, Gg^Gvs, Gg, Gg, Gg, Gg, Gg, Ww, Ww, Gg, Gg, Gg, Gg
Gs^Fds, Gs^Fds, Gs^Ft, Gs^Ft, Gs^Fds, Gg, Ww, Gg, Gg, Gg, Gg, Gg, Gg, Gg, Gg, Gs^Fds, Gg, Gg, Gg, Gg, Gg, Gg, Gg, Gs^Fds, Gs^Fds, Rp, Gs^Vh, Gg, Gg, Gg, Gg, Gg, Gg, Gg, Gg, Gg, Ww, Ww, Gg, Gg, Gg, Gg, Gg, Gd, Gg, Gg, Gg, Gg, Gg, Gg, Gg, Gg, Gg, Gg, Gg, Gg, Gg, Gg, Gg, Gg, Gg, Gg, Ww^Ewl, Gg, Gg, Rrc, Rrc, Rrc, Rrc, Gg^Gvs, Gg, Gg, Gg, Gg, Gg, Ww, Gg, Gg, Gg, Gg, Gg, Gg
Gs, Gs^Fds, Gs^Fds, Gs^Ft, Gs^Fds, Ww, Gs, Gg, Gg, Gg, Gg, Gg, Gg, Gg, Gg, Gg, Gg, Gg, Gg, Gg, Gg, Gg, Gg, Gg, Gg, Rp, Gg, Gg^Efm, Gg, Gg, Gg, Gg, Gg, Gg, Ww, Ww, Ww^Em, Gg, Gll, Gs^Fds, Gs^Fds, Gg, Gs^Fds, Rd, Gg, Gg, Gg, Gg, Gg, Gg, Gg, Gg, Gg, Gg, Gg, Gg, Gg, Gg, Ww, Ww, Ww, Ww, Ww, Ww^Ewl, Gg, Rrc, Gg, Gg, Gg, Rrc, Gg, Gg, Gg, Gg, Ss, Ww, Gg, Gg, Rp, Gs^Vh, Gg, Gg
Gd^Fts, Gs, Gs, Gs^Fds, Gs^Ft, Ww, Ww, Gs, Gs, Gg, Gg, Gg, Gg, Gg, Gg, Gg, Gg, Gg, Gg, Gg, Gg, Gg, Gg, Gg, Gg, Rp, Gg, Gg, Gg, Gg, Gg, Gg, Gg, Gg, Ww, Ww^Em, Gg, Gg, Gll^Fdf, Gll^Fdf, Gs^Vh, Gs^Fds, Gs^Fds, Rd, Gg, Gg, Gg, Gg, Gg, Gg, Gg, Gg, Gg, Gg, Gg, Gg, Gs^Fds, Ww, Wwr, Wwr, Gs^Fds, Ww, Wwr, Ww, Ww, Rrc, Ww, Gg, Ww, Rrc, Ww, Ww, Ww^Ewl, Ss, Ww, Ww, Gg, Gg, Gg, Rp, Rp, Gg
Gll^Fmw, Gd^Fts, Gll^Fmw, Gs^Ft, Gs^Ftp, Gs^Ft, Ss, Wwr, Wog, Gs, Gg, Gd^Fts, Gs, Gg, Gg, Gg, Gg, Gg, Gg, Gg, Gg, Gg, Gg, Gg, Gg, Rp, Gg, Gg, Gg, Gg, Gg, Gg, Gg, Gg, Ww, Ww, Gg, Gg, Gg, Gg, Rd, Gg, Rd, Rd, Gg, Gg, Gg, Gg, Gg, Gg, Gg, Gg, Gg, Gg, Gg, Gg, Ww, Ww, Wwr, Gs^Fds, Gs^Fds, Gs^Fds, Gs^Fds, Gs^Fds, Ch, Wwr^Bsb|, Wwr, Ww, Ww^Ewf, Ww^Bsb|, Ch, Ww^Ewl, Ww, Ww, Gg, Gg, Gg, Gg, Gg, Gg, Gg, Rp
Gd^Fts, Gll^Fmw, Gd^Fts, Gll^Fmw, Gd^Fts, Gd^Fts, Ss, Ss, Wog, Gs, Gs, Gd^Fts, Gd^Fts, Gs, Gd^Fetd, Gd^Fts, Gd^Fts, Gg, Gg, Gg, Gs^Fds, Gg, Rp, Rd, Gg, Gg, Gg, Gg, Gg, Gg, Gg, Gg, Gg, Gg, Ww, Gg, Gg, Gg, Gg, Gg, Gg, Rd, Gg, Rd, Rd, Gg, Gg, Gg, Gg, Gg, Gg, Gg, Gg, Gg, Gg, Gg, Ww, Ww, Gs^Fds, Gs^Fds, Gs^Fds, Gs^Fds, Gg, Rd, Gg, Rrc, Gg, Gg, Gg, Rrc, Gg, Gg, Ww, Gg, Gg, Gg, Gg, Gg, Ww, Ww, Ww, Gg
Gll^Fmw, Gd^Fts, Gs^Fms, Gd^Fts, Ss^Vhs, Ss, Wog, Wog, Ss, Ss, Gll^Ftr, Gs, Gll^Ftr, Gd^Fetd, Hhd^Vhhr, Gd^Fetd, Gd^Fts, Gs, Gg, Gg, Gg^Efm, Gs^Vh, Rp, Gg, Gg, Gg, Gg, Gg, Gg, Gg, Gg, Gg, Gg, Gg, Wwr, Gg, Gg, Gg, Gg, Gg, Gg, Gg, Gg, Gg, Gg, Rd, Rd, Gs^Fds, Gs^Fds, Gg, Gg, Gg, Gg, Gg, Gg, Gg, Ww, Ww, Gs^Fds, Gs^Fds, Gs^Fds, Gs^Fds, Gg, Gg, Gg, Rrc, Rrc, Gg, Gg^Fet, Rrc, Gg, Gg, Gg^Eff, Ww, Ww, Gg, Ww, Ww, Ch, Ch, Ch, Ww
Gll^Ftr, Gd^Fts, Ss, Ss, Sm, Ss, Sm^Em, Sm^Em, Ss, Ss, Ss, Gll^Ftr, Ss, Gd^Fts, Rd, Rd, Rd, Gd^Fts, Rd, Gg, Rp, Rp, Gg, Gg, Gg, Gg, Gg, Gg, Gg, Gg, Gg, Gg, Gg, Gg, Wwr, Gg, Gg, Gg, Gg, Gg, Gg, Gg, Gg, Gg, Gg, Gg, Gg, Gg, Gg, Gll^Fmf, Gs^Fds, Gg, Gg, Gg, Gg, Ww, Gg, Gg, Gs^Fds, Gs^Fds, Gg, Rd, Gg, Gg, Gg, Gg, Rr, Rrc, Rrc, Rrc, Gg, Gg^Eff, Gg^Gvs, Gg^Gvs, Gg^Gvs, Ww, Ch, Ch, Ch, Ch, Ch, Ch
Gll^Ftr, Ss, Ss, Ss, Wog, Sm, Chs, Ss, Ch, Chr, Ss, Ss, Rb, Ss^Bw/, Gd^Fts, Gs, Gs, Rd, Gg, Rd, Gs^Fds, Rd, Gg, Gg, Gg, Gg, Gg, Gg, Gg, Gg, Gg, Gg, Gg, Wwr, Wwrt, Gs^Fds, Gg, Gg, Gg, Gg, Gg, Gg, Gg, Gg, Gg, Gg, Gg, Gg, Gg, Rd, Gg, Gg, Gg, Gg, Gg, Ww, Ww, Gg, Gs^Fds, Rd, Gg, Gg, Gg, Gg, Rr, Rr, Gg^Eff, Gg, Gg^Gvs, Rrc, Rrc, Gs^Vh, Gg^Gvs, Gg^Gvs, Gg^Gvs, Ch, Kh, Ch, Ch, Ch, Ch, Ch
Gll^Ftr, Gll^Ftr, Gll^Ftr, Sm, Sm, Ss, Chs, Chs, Khs, Ch, Chr, Rb, Ss, Ss, Gd^Fts, Gd^Fts, Gs, Gg, Gg, Gg, Gg, Rd, Gg, Gg, Gg, Gg, Gg, Gg, Gg, Gg, Gg, Gg, Gs^Fds, Wwr, Wwrt, Gs^Fds, Wwrt, Gg, Gg, Gg, Gs^Fds, Gg, Gg, Gg, Gg, Gg, Gg, Gg, Gg^Eff, Gg, Rd, Gg, Gg, Gg, Gg, Gg, Ww, Gg, Gs^Fds, Gg, Rr, Rr, Rr, Rr, Gg^Eff, Gg^Eff, Gg^Gvs, Gg^Gvs, Gg^Gvs, Gs^Vh, Gg^Eff, Rrc, Rrc, Gg^Gvs, Ch, Ch, Ch, Ch, Ch, Ch, Ch, Ch
Sm, Gll^Ftr, Gll^Ftr, Sm^Em, Sm, Wog, Wog, Chs, Chs, Chs, Chs, Rb, Ss, Gd, Ss^Vhs, Gs, Gs, Gg, Gg, Gg, Gg, Gg, Gg, Gg, Gg, Gg, Gg, Gg, Gg, Gg, Gg, Gg, Gs^Fds, Wwr, Wwr, Wwrt, Wwrt, Ww, Ww, Gg, Gs^Fds, Gg, Gg, Gg, Gg, Gg, Gg^Eff, Gg^Eff, Gg^Gvs, Gs^Vh, Rd, Gs^Fds, Gg, Gg, Gg, Ww, Ww, Gg, Rb, Rr, Gs^Fds, Gg, Gg, Gg^Eff, Gg^Eff, Gg^Gvs, Gg^Gvs, Gg^Gvs, Gg^Eff, Gg^Eff, Gg^Gvs, Gg^Gvs, Ch, Rrc, Rrc, Rr^Vhc, Rr, Rr^Vhc, Rr^Vhc, Rr^Vhc, Rr^Vhc, Ch
Gll^Ftr, Sm, Sm, Sm, Sm, Ss, Wog, Chs, Chs, Ss, Ss, Ss, Sm^Em, Ss, Gd^Fts, Gd^Fts, Gd^Fts, Gs, Gs, Gg, Gg, Rd, Gg, Gg, Gg, Gg, Gs^Fds, Gg, Gg, Gg, Gg, Gg, Gg, Gs^Fds, Gs^Fds, Wwr, Gs^Fds, Gs^Fds, Gs^Fds, Wwr, Wwr, Gs^Fds, Gs^Fds, Gg, Gg, Gg, Gg, Gg^Eff, Gg^Eff, Gg^Gvs, Rd, Gg, Gg, Gg, Sm, Wwr, Ww, Gg, Rb, Gs^Fds, Gs^Fds, Gg, Gg, Gg, Gs^Fds, Gg^Eff, Gg^Eff, Gg^Eff, Gg^Gvs, Gg^Gvs, Gg^Gvs, Gg^Gvs, Ch, Rrc, Rr^Vd, Rrc, Rrc, Rr^Br\, Rr^Br\, Rr, Rr^Br\, Rrc
Gll^Ftr, Gll^Ftr, Gll^Ftr, Gll^Ftr, Ss, Ss, Ss, Wog, Ss, Ss, Sm, Sm^Em, Ss, Ss, Gd^Fts, Gd^Fts, Gd^Fts, Gs, Rd, Rd, Rd, Rd, Rd, Gg, Gg, Gs^Fds, Gg, Gs^Fds, Gg, Gg, Gg, Gg, Gg, Gg, Gg, Gs^Fds, Gs^Fds, Gs^Fds, Gs^Fds, Gs^Fds, Ww, Ww, Gs^Fds, Gg, Gg, Gg, Gg, Gg, Gg, Gg, Gg, Rd, Rd, Gg, Sm, Ww^Ewl, Ww^Bw/, Gg^Bw/, Gg, Gs^Fds, Gg, Gg, Gg, Gg, Gs^Fds, Gg^Eff, Gg^Eff, Gs^Vh, Gg^Gvs, Gg^Gvs, Gg^Eff, Ch, Kh, Rrc, Rrc, Rrc, Rrc, Rr^Vhc, Rr^Vhc, Rr^Br\, Rr^Br\, Rr^Br\
Ss, Ss, Sm, Sm, Ss, Rb, Rb, Ss, Ss, Ss, Ss, Ss, Ss, Ss, Ss, Gd^Fts, Gd^Fts, Gd^Fts, Rd, Gs^Fds, Gll^Fmw, Gg, Gg, Gg, Gg, Gg, Gg, Gg, Rd, Gg, Gg^Ve, Gg^Efm, Gg, Gg, Gg, Gg, Gg, Gs^Fds, Gs^Fds, Ss, Ww, Gg, Gg, Gg, Gg, Gg, Gg, Gg, Gg, Gg, Gg, Gg, Gg, Rb, Rb, Gg^Bw/, Ww, Ww, Ww, Gg, Gg, Gg, Gg, Gs^Fds, Gg^Eff, Gg^Eff, Gg^Gvs, Gg^Eff, Gg^Eff, Gg^Eff, Gd^Emf, Ch, Ch, Ch, Rrc, Rrc, Rr^Vd, Rrc, Rrc, Rrc, Rrc, Rrc^Br\
Ss, Ss, Ss^Vhs, Ss, Gs^Ft, Gs^Ft, Gs, Sm^Em, Sm^Em, Ss, Wog, Sm, Ss, Sm, Ss, Ss, Rb, Rb, Gg, Gll^Fmf, Gll^Fmf, Gg, Gg, Gg, Gg, Gg, Gg, Gg, Gg, Rd, Rd, Rd, Rd, Gg, Gg, Gg, Gg, Gg, Gg, Ss, Ww, Gg, Gg, Gg, Gg, Gg, Gg, Gg, Gg, Gg, Gg, Gg, Rd, Rb, Gg, Gg, Gg, Ww^Ewf, Gg, Ww, Gg, Gg, Gg^Eff, Gg^Eff, Gg^Gvs, Gg^Gvs, Gs^Vh, Gg^Efm, Gg^Efm, Gg^Eff, Gg, Gs^Vh, Rrc, Rrc, Rrc, Rrc, Rrc, Rrc, Rr^Vhc, Rr^Vhc, Rr^Vhc, Rrc
Wo, Ss, Gll^Ftr, Gs^Ft, Gll^Ftr, Gs^Ft, Ss, Ss, Ss, Ss, Wog, Ss, Gll^Ftr, Ss, Sm, Sm, Rb, Rb, Rb, Gs^Fds, Gs^Fds, Gg, Gg, Gg, Gg, Gg, Gg, Gg, Gg, Gg, Gg, Gg, Gg, Gg, Gg, Gg, Gg, Gg, Gg, Ww, Gg, Gg, Gg, Gg, Gg, Gg, Gg, Gg, Gg, Gg, Gg, Rd, Rd, Gg, Gg, Gg, Gg, Gg, Gg, Wwr, Wwr, Gg, Gg, Gg^Eff, Gg^Eff, Gg^Gvs, Gg^Eff, Rr, Rr, Gs^Vh, Rrc, Rrc, Gg, Gs^Vh, Rrc, Ch, Ch, Ch, Ch, Ch, Ch, Rrc
Ss, Wo, Wo, Gll^Ftr, Gll^Ftr, Ss^Vhs, Chs, Chs, Sm, Sm^Em, Wog, Ss, Sm, Rb, Gll^Ftr, Gll^Ftr, Wwg, Ss, Ss, Ss, Sm, Gg, Gg, Gg, Gg, Gg, Gg, Gg, Gg, Gg, Gg, Gg, Gg, Gg, Gg, Rd, Rd, Gg, Ww, Ww, Gg, Gg, Gg, Gg, Gg, Gg, Gg, Gg, Gg, Gg, Gg, Gg, Rd, Gg, Gg, Gg, Gg, Gg, Gg, Gg, Gg, Wwr, Wwr, Gg, Gg, Gg^Eff, Gs^Vh, Gg^Gvs, Rrc, Rrc, Gg, Gg, Gg, Gs^Vh, Rrc, Gs^Vh, Gg, Gg, Gg, Gg, Gg, Ch
Ss, Ss, Chs, Wo, Wo, Wo, Wo, Ss, Wo, Wo, Ww, Wo, Wo^Bw|, Ww, Wo, Ss, Ss, Ss, Wwr, Ww, Ww, Sm, Wwr, Wwr, Ww, Gg, Ww, Gg, Gg, Gg, Ww, Gg, Gg, Gg, Gg, Gg, Gg, Rb, Ww^Bw\, Gg, Gg, Gg, Gg, Gg, Gg, Gg, Gg, Gg, Gg, Gg, Gg, Gg, Rd, Gg, Gg, Gg, Gg, Gg, Gg, Gg, Gg, Wwrt, Wwrt, Gg, Gg, Gg, Rrc, Rrc, Gg^Gvs, Gg, Gg, Gg, Gg, Gg, Rrc, Gg, Gg, Gg, Gg, Gg, Gg, Gg
Ss, Ss, Ss, Ss, Ss, Wog, Wog^Edp, Wo, Gll^Ftr, Gll^Ftr, Rb, Sm, Sm, Sm, Ss, Ss, Ss, Ss, Ss, Sm, Ss, Ww, Ww, Ww, Gg, Ww, Ss, Ww, Ww, Ww, Ww, Wwr, Gg, Gg, Ss, Gg, Gg, Ss, Ww, Rb, Rd, Gg, Gs^Fds, Gg, Gg, Gg, Gg, Gg, Gg, Gg, Gg, Gg, Rd, Gg, Gg, Gg, Gg, Gg, Gg, Gg, Gg, Gg, Wwrt, Wwr, Gg, Gg, Rrc, Gg^Gvs, Gg, Gg, Gg, Gg, Gg, Gg, Rrc, Gg, Gg, Gg, Gg, Gg, Gg, Gg
Sm, Ss, Gll^Ftr, Ss, Ss, Ss, Ss, Ss, Gll^Ftr, Gll^Ftr, Sm, Ss, Ss, Rb, Gll^Ftr, Ss, Ss^Vhs, Ss, Sm, Ss, Sm, Sm, Gg, Gg, Gg, Gg, Gs, Gg, Gg, Gg, Gg, Ww, Ww, Ww, Ww, Sm, Ss, Gg, Ww, Gg, Gg, Rd, Gg, Gs^Fds, Gg, Gg, Rd, Gg, Rd, Gg, Gg, Rd, Gs^Fds, Rd, Gg, Gg, Gg, Gg, Gg, Gg, Gg, Gg, Gg, Wwr, Rrc, Rrc, Gg, Rp, Rp, Gg, Gg, Gg, Gg, Gg, Rrc, Gg^Vwm, Rrc, Gg, Gg, Gg, Gg, Gg
Sm, Gll^Ftr, Gll^Ftr, Gll^Ftr, Sm, Ss, Ss, Ss, Ss, Gll^Ftr, Ss, Sm, Sm, Gll^Ftr, Gll^Ftr, Gll^Ftr, Ss, Ss, Gs^Fds, Sm, Gg, Gg, Gg, Gg, Gg, Gg, Gs, Gs, Gg, Gs^Fms, Gg, Gg, Gg, Gg, Gg, Ww, Ww, Ss, Ww, Gg, Gs^Fds, Gs^Fds, Gg, Gg, Gg, Rd, Gs^Vh, Rd, Gs^Fds, Gs^Fds, Gs^Fds, Gs^Fds, Gg, Gs^Fds, Gs^Fds, Rd, Rd, Gg, Gg, Gg, Gg, Gg, Rrc, Ww^Bsb/, Gg, Ch, Gg, Gg, Gg, Rp, Rp, Gg, Gg, Gg, Rr, Rrc, Gg, Gg, Gg, Gg, Gg, Gg
Sm, Sm, Sm, Sm, Sm, Gs^Fds, Gll^Fp, Gll^Fmf, Gs^Fds, Sm, Gs^Fds, Gs^Fds, Gll^Fmf, Gll, Sm, Sm, Sm, Sm, Gs^Fds, Gg, Gg, Gg, Gs^Fms, Gg, Gg, Gg, Gg, Gs, Gg, Gg, Gg, Gs^Fms, Gg, Gg, Gg, Gg, Gg, Ww, Ww, Ww, Ss, Gs^Fds, Gs^Fds, Gg, Gg^Eff, Gg^Eff, Gg^Efm, Gg, Gg^Eff, Gs^Fds, Gs^Fds, Gs^Fds, Gs^Fds, Gg, Gs^Fds, Gs^Fds, Gs^Fds, Rd, Gg, Gg, Rp, Rrc, Gs^Vh, Ww, Gg, Gg, Gg, Gg, Gg, Gg, Gg, Rp, Rp, Rp, Rr, Gg, Gg, Gg, Gg, Gg, Gg, Gg
Gs^Fds, Gll^Fp, Gll^Fp, Gs^Fds, Sm, Sm, Gs^Fms, Gs^Fds, Gs^Fms, Sm^Em, Sm, Gs^Fds, Gs^Fds, Gll^Fmf, Gs^Fds, Gs^Fds, Gs^Fds, Gll^Fmf, Gg, Gg, Gg, Gll^Fmf, Gg, Gg, Gg, Gll^Fmf, Gll^Fmf, Gg, Gg, Gg, Gg, Gll^Fmf, Gg, Gg, Gg, Gg, Gg, Gg, Gg, Ww, Ww, Ss, Gg, Gg, Gg, Gg^Eff, Gg^Eff, Gg^Eff, Gg, Gg, Gs^Fds, Gg, Gg, Gs^Fds, Gg, Gs^Fds, Gg, Gs^Fds, Gg, Rp, Gg^Gvs, Gg^Gvs, Ww, Ww, Gg, Gg, Gg, Gg, Gg, Gg, Gg, Gg, Gg, Gs^Fms, Rr, Gg, Gg, Gg, Gg, Gg, Gg, Gg
Gs^Fds, Gs^Fds, Gs^Fms, Gs^Fms, Gs^Ft, Sm, Gs^Ft, Gs^Fms, Gs^Fms, Gs^Fms, Gs^Fms, Gs^Fms, Gll^Fdf, Gs^Fds, Gg, Gg, Gg, Gg, Gg, Gg, Gg, Gg, Gg, Gg, Gg, Gs^Fms, Gg, Gg, Gg, Gg, Gg, Gg, Gg, Gg, Gll^Fmf, Gg, Gg, Gg, Gg, Ww, Ww, Ww, Ww, Gg, Gg, Gg, Gs^Fds, Gg, Gs^Fds, Gs^Fds, Gs^Fds, Gs^Fds, Ww, Ww, Ww, Ww, Ww, Gg, Ww, Gg, Ww, Ww, Gg, Gg, Gg, Gg, Gg, Gg, Gg, Gg, Gg, Gg, Gg, Gs^Fms, Rr, Gg, Gg, Gg, Gg, Gg, Gg, Gg
Gs^Fms, Gll^Fp, Gs^Fds, Gll^Fdf, Gs^Fms, Sm, Gs^Fms, Gs^Fms, Gs^Fms, Gs^Fms, Gg, Gs^Fms, Gs^Fms, Gs^Fds, Gs^Fms, Gs^Fms, Gs^Fms, Gg, Gg, Gg, Gg, Gg, Gg, Gg, Gs^Fms, Gs^Fms, Gg, Gg, Gg, Gll^Fmf, Gg, Gg, Gg, Gg, Gg, Gs^Fms, Gg, Gg, Gg, Gg, Ww, Ww, Ww, Gg, Gs^Fds, Gg, Gs^Fds, Gs^Fds, Gs^Fds, Gs^Fds, Ww, Ww, Ww, Gs^Fds, Gg, Gg, Gg, Ww, Ww, Ww, Ww, Ww^Ewl, Gg, Gg, Gg, Gg, Gg, Gg, Gg, Gg, Gg, Gg, Gg, Gg, Rr, Gg, Gg, Gg, Gg, Gg, Gg, Gg
Gs^Fds, Gs^Fms, Gs^Fms, Gs^Fds, Gs^Fds, Gs^Fms, Gll^Fp, Gll^Fp, Gll^Fp, Gg, Gg^Ve, Gs^Fms, Gs^Fds, Gll^Fmf, Gll^Fmf, Gs^Fms, Gs^Fms, Gs^Fms, Gs^Fms, Gs^Fms, Gg, Gg, Gg, Gg, Gs^Fms, Gg, Gg, Gg, Gll^Fmf, Gg, Gg, Gg, Gg, Gg, Gg, Gg, Gg, Gg, Gg, Gg, Gg, Ww, Ww, Ww, Ww, Gs^Fds, Ss, Sm, Sm, Gs^Fds, Ww, Ww, Gs^Fds, Gs^Fds, Gg, Gg, Gg, Ww, Chw^Edb, Ww, Gg, Gg, Gg, Gg, Gg, Gg, Gg, Gg, Gg, Gg, Gg, Gg, Gs^Fds, Gg, Rr, Gg, Gg, Gg, Gg, Gg, Gg, Gg
Gs^Fms, Gg^Ve, Gg, Gs^Fms, Gll^Fmf, Gll^Fmf, Gs^Fms, Gs^Fms, Gll^Fp, Gs^Fms, Gs^Fms, Gs^Fds, Gs^Fms, Gs^Fds, Gs^Fds, Gs^Fds, Gs^Fms, Gll^Fmf, Gs^Fms, Gs^Fms, Gg, Gg, Gg, Gg, Gg, Gll^Fmf, Gg, Gll^Fmf, Gg, Gg, Gs^Fms, Gg, Gg, Gg, Gg, Gg, Gg, Gg, Gg, Gg, Gg, Gg, Ww, Ww, Ww^Vm, Ww, Ww, Ss, Ss, Gs^Fds, Ww, Ww, Ww, Gs^Fds, Ww, Gs^Fds, Gg, Gg, Gg, Gg, Gs^Fds, Gg, Gs^Fds, Gg, Gg, Gg, Gg, Gg, Gg, Gg, Gg, Gs^Fds, Gg^Gvs, Gs^Vh, Rr, Gg, Gg, Gg, Gg, Gg, Gg, Gg
Gs^Fms, Gs^Fms, Gs^Ft, Gs^Fms, Gs^Fds, Gs^Fds, Gs^Fms, Gs^Fms, Cv, Gll^Fp, Cv, Cv, Cv, Gs^Fms, Gg^Fet, Gs^Fms, Gll^Fp, Gs^Fms, Gs^Fms, Gs^Fms, Gs^Fms, Gg, Gg, Gg, Gg, Gll^Fmf, Gg, Gg, Gg, Gll^Fmf, Gs^Fms, Gll^Fmf, Gll^Fmf, Gg, Gg, Gg, Gg, Gg, Gg, Gg, Gg, Gg, Gg, Ww, Ww, Ww, Ww, Ww, Ss, Ss, Ww, Ww, Ww^Vm, Ww, Ww, Ww, Ww, Gg, Gg, Gg, Gg, Gg, Gg, Gs^Fds, Gg, Gg, Gg, Gg, Gg, Gg, Gg, Gg^Gvs, Gg, Gg^Gvs, Gg, Rr, Rr, Gg, Gg, Gg, Gg, Gg
Gs^Fms, Gs^Fms, Gs^Fms, Gs^Ft, Gs^Fds, Gs^Fms, Cv, Gs^Fms, Gs^Fms, Kv, Gll^Fmf, Gs^Fms, Cv, Gs^Fms, Gs^Fms, Gs^Fms, Gll^Fdf, Gll^Fp, Gs^Fms, Gs^Fms, Gs^Fms, Gs^Fms, Gs^Fms, Gs^Fms, Gll^Fp, Gg, Gg, Gg, Gg, Gg, Gg, Gs^Fms, Gg, Gll^Fmf, Gg, Gg, Gg, Gg, Gg, Gg, Gg, Gg, Gg, Gg, Gg, Ww, Ww, Ww, Ww, Ss, Ww, Ww, Ww, Ww, Wo, Ww, Ww, Gg, Gg, Gg, Gg, Gg, Gg, Gg, Gs^Fds, Gg, Gg, Gg, Gs^Fds, Gs^Fds, Gg, Gg, Gg, Gg, Gg, Gg, Rr, Gg, Gg, Gg, Gg, Gg
Gs^Fms, Gs^Fms, Gs^Fms, Gs^Fds, Gs^Ft, Gs^Fms, Cv, Gg, Gs^Fms, Cv, Cv, Gs^Fms, Cv, Gs^Fms, Gs^Fms, Gs^Fms, Gs^Fms, Gs^Fms, Gs^Ft, Gs^Ft, Gs^Fms, Gs^Fms, Gs^Fms, Gs^Fms, Gs^Fds, Gs^Fms, Gs^Fms, Gg, Gg, Gg, Gg, Gs^Fms, Gs^Fms, Gll^Fmf, Gs^Fms, Gg, Gg, Gg, Gg, Gg, Gg, Gg, Gg, Gg, Gg, Ww, Ww^Ewf, Ww^Ewf, Ww, Ww, Ww, Wo, Wo, Wo, Ww, Wo, Ww, Ww, Gg, Gg, Gg^Edt, Gg, Gg, Gg, Gg, Gg, Gs^Fds, Gg, Gg^Fet, Gs^Fms, Gs^Fds, Gg, Gg, Gg, Gg, Gg, Rp, Gg, Gg, Gg, Gg, Gg
Gs^Fms, Gs^Fms, Gs^Fms, Gs^Fds, Gs^Ft, Gs^Fms, Cv, Kv, Cv, Cv, Gs^Fms, Gs^Fms, Cv, Gg, Gs^Fms, Gs^Fms, Gs^Fms, Gs^Fms, Gs^Fds, Gs^Fms, Gll^Fmf, Gs^Fds, Gs^Fms, Gs^Fds, Gs^Fms, Gs^Fds, Gs^Fms, Gs^Fms, Gs^Fms, Gg, Gg, Gll^Fmf, Gll^Fmf, Gg, Gg, Gs^Fms, Gg, Gs^Fms, Gs^Fms, Gg, Gg, Gg, Gg, Gg, Gg, Gg, Gg, Wwr, Ww, Ww, Gg, Ww, Wo, Ww, Ww^Vm, Ww, Ww, Ww^Ewl, Wwr, Gg^Edt, Gg^Edt, Gg^Edt, Gg^Edt, Gg, Gg, Gg, Gg, Gs^Fds, Gs^Fds, Gs^Fds, Gs^Fds, Gg, Gg, Gg, Gg, Gg, Gs^Efm, Gg, Gg, Gg, Gg, Gg
Gs^Fms, Gs^Fds, Gll^Fdf, Gs^Fms, Gs^Ft, Gs^Fms, Gs^Fms, Gs^Fms, Gs^Fms, Gs^Fms, Gs^Fms, Gs^Fms, Gs^Fms, Gs^Ft, Gs^Fms, Gs^Fms, Gs^Fms, Gs^Fds, Gs^Fms, Gs^Fms, Gs^Fms, Gs^Fms, Gs^Fms, Gs^Fms, Gll^Fp, Gs^Fms, Gs^Fms, Gg, Gg, Gg, Gg, Gg, Gg, Gg, Gg, Gg, Gg, Gll^Fmf, Gg, Gg, Gg, Gg, Gg, Gg, Gg, Gg, Gg, Gg, Gg, Ss, Ww, Ww, Ww, Ww, Ww, Ww, Wwr, Ww^Ewl, Ww^Ewl, Gg^Edt, Gg^Edt, Gg^Edt, Gg^Edt, Gg, Gg, Gg, Gg, Gs^Fds, Gs^Fds, Gs^Fms, Gg, Gg, Gg, Gg, Gg, Gg, Rp, Gg^Efm, Rd, Gg, Gg, Gg
Gs^Fms, Gll^Fp, Gs^Fds, Gs^Fms, Gs^Fms, Gs^Ft, Gs^Fms, Gll^Fmf, Gs^Fms, Gs^Fms, Gs^Ft, Gs^Fms, Gs^Fms, Gs^Fms, Gll^Fp, Gs^Fms, Gs^Fms, Gs^Fms, Gs^Fms, Gll^Fmf, Gs^Fms, Gs^Fms, Gs^Fms, Gs^Fms, Gs^Fds, Gll^Fp, Gs^Fds, Gs^Fms, Gs^Fms, Gs^Fms, Gs^Fms, Gg, Gg, Gg, Gg, Gg, Gg, Gll^Fmf, Gg, Gll^Fmf, Gg, Gg, Gg, Gg, Gll^Fmf, Gg, Ww, Gg, Ww, Ww, Ww, Ww, Ww, Ww, Ww, Ww, Gg, Wwr, Ww, Ww, Wwg, Wwg^Edb, Wwg, Gg, Gg, Gg, Gg, Gg, Gg, Gg, Gg, Gg, Gg, Gg, Gg, Rp, Gg, Rd, Gg, Gs, Rd, Gg
Gs^Fms, Gs^Fms, Gs^Fds, Gs^Fms, Gs^Fms, Gll^Fp, Gll^Fp, Gll^Fmf, Gs^Fms, Gs^Fms, Gs^Fms, Gs^Fms, Gs^Fms, Gs^Fms, Gs^Fms, Gs^Fms, Gs^Fms, Gs^Fms, Gs^Fms, Gs^Fms, Gg^Ve, Gs^Fms, Gs^Fms, Gs^Fms, Gs^Fms, Gs^Fds, Gll^Fmf, Gs^Fds, Gll^Fp, Gs^Fms, Gs^Fms, Gs^Fms, Gs^Fms, Gg, Gg, Gg, Gg, Gg, Ww, Gll^Fmf, Ww, Ww, Ww, Gll^Fmf, Ww, Ww, Gg, Ww, Gg, Gg, Gg, Gg, Gll^Fmf, Gg, Gg, Gg, Gg, Wwr, Ww^Ewf, Ww, Ww, Wwg, Ww, Gg, Gg, Gg, Gg, Gg, Gg, Gg, Gg, Gg, Gg, Gg, Gg, Rp, Gg, Gs^Vh, Gg, Gg, Gg, Gg
Gs^Fms, Gll^Fmf, Gs^Fms, Gs^Fds, Gs^Fms, Gs^Fms, Gs^Fms, Gll^Fp, Gs^Ftp, Gs^Fms, Gs^Fms, Gs^Ft, Gs^Fms, Gs^Fms, Gs^Ft, Gs^Ft, Gs^Fms, Gs^Fms, Gs^Fms, Gs^Fms, Gs^Ft, Gg, Gs^Fms, Gs^Fms, Gs^Fms, Gll^Fmf, Gs^Fms, Gs^Fms, Gs^Fms, Gll^Fp, Gs^Fms, Gs^Fms, Gs^Fms, Gs^Fms, Gs^Fms, Gs^Fms, Ww, Ww, Gs^Fms, Ww, Gg, Gg, Gg, Ww, Gs^Fms, Gs^Fms, Gg, Gg, Gg, Gg, Gg, Gg, Gs^Fms, Gg, Gg, Gg, Gg, Ww^Ewf, Ww^Ewf, Ww^Ewf, Ww, Ww, Ww, Ww, Ww, Gg, Gg, Gg, Wwr, Gg, Wwr, Gg, Gg, Gg, Gg, Rp, Gg, Gg, Gg, Gg, Gg, Gg
Gs^Fms, Gs^Fms, Gll^Fp, Gs^Fds, Gs^Fds, Gs^Fds, Gs^Fms, Gll^Fp, Gs^Fds, Gs^Fds, Gs^Ft, Gg, Gs^Fms, Gs^Fms, Gs^Fms, Gs^Fms, Gs^Fms, Gs^Fds, Gs^Fms, Gs^Fms, Gs^Fms, Gs^Fms, Gg, Gs^Ft, Gs^Fms, Gs^Fms, Gs^Fms, Gs^Fms, Gs^Fms, Gs^Fms, Gs^Fms, Gs^Fds, Gs^Fds, Gs^Fms, Gll^Fp, Gs^Fms, Ww, Gs^Fms, Gs^Fms, Gs^Fms, Gs^Fms, Gg, Gs^Fms, Gg, Gs^Fms, Gs^Fms, Gg, Gg, Gg, Gg, Gg, Gg, Gg, Gg, Gg, Gg, Gg, Gg, Gg, Wwr, Gg, Gg, Ss, Ww, Ww, Ww, Ww, Ww, Ww, Wwr, Ww^Ewl, Ww, Gg, Gg, Rp, Rp, Gg, Gg, Gg, Gg, Gg, Gg
Gs^Ftp, Gs^Ft, Gs^Ftp, Gll^Fp, Gll^Fp, Gll^Fdf, Gll^Fp, Gs^Fms, Gll^Fp, Gll^Fp, Gs^Fms, Gs^Ft, Gs^Ft, Gs^Fms, Gs^Fds, Gs^Fms, Gs^Fms, Gll^Fdf, Gs^Fms, Gs^Fms, Gs^Fms, Gs^Fms, Gg, Gs^Fms, Gs^Fms, Gs^Ft, Gs^Fms, Gs^Ft, Gs^Fms, Gs^Fms, Gs^Fms, Gs^Fms, Gs^Fms, Gll^Fp, Gs^Fms, Gs^Fms, Ss, Ww, Gs^Fms, Gs^Fms, Gs^Fms, Gs^Fms, Gs^Fms, Gs^Fms, Gs^Fms, Gll^Fmf, Gll^Fmf, Gll^Fmf, Gg, Gg, Gg, Gg, Gs^Fds, Gg, Gg, Gg, Gg, Gg, Gg, Gg, Gg, Gg, Gg, Ss, Ww^Esd, Ww, Wo, Wo, Wo, Ww, Ww, Ww^Ewl, Rp, Rp, Gg, Gg, Gg, Gg, Gg, Gg, Gg, Gg
Gs^Ftp, Gs^Ft, Gs^Ftp, Gs^Ftp, Gs^Fms, Gs^Fms, Gs^Ft, Gll^Fp, Gs^Fms, Gll^Fp, Gs^Fms, Gs^Fms, Gs^Fms, Gs^Fds, Gs^Ft, Gs^Fms, Gs^Fds, Gs^Fds, Gs^Fds, Gs^Fds, Gs^Fds, Gg, Gs^Fms, Gs^Fms, Gs^Fms, Gs^Fms, Gs^Fms, Gs^Fms, Gs^Fds, Gs^Fds, Gs^Fms, Gs^Fms, Gs^Fms, Gs^Fms, Gll^Fdf, Gs^Fds, Ss, Ww, Gll^Fp, Gs^Fms, Gs^Fms, Gs^Fms, Gs^Fms, Gs^Fms, Gs^Fms, Gs^Fms, Gs^Fms, Gs^Fms, Gs^Fms, Gg, Gs^Fds, Gs^Fds, Gg^Ve, Gg, Gs, Gs, Gg, Gg, Gg^Ve, Gs^Fds, Gg, Gg, Gg, Gg, Gg, Ww, Ww, Ww, Ww, Wo, Ww^Bsb/, Ww^Bsb/, Ww, Ch, Gg, Gg, Gg, Gg, Gg, Gg, Gg, Gg
Gs^Ftp, Gs^Ft, Gs^Ftp, Gs^Ftp, Gs^Ftp, Gs^Ft, Gs^Ftp, Gs^Fms, Gs^Ftp, Gs^Ft, Gs^Ft, Gll^Fp, Gll^Fmf, Gs^Fms, Gs^Fms, Gs^Fms, Gs^Ft, Gs^Fms, Gs^Fms, Gs^Fms, Gg, Gg, Gll^Fmf, Gs^Fms, Gs^Fms, Gs^Fms, Gs^Fds, Gs^Fds, Gs^Fms, Gs^Fms, Gs^Fms, Gs^Fms, Ww, Ww, Ww, Gs^Fms, Ww, Ww, Gs^Fms, Gll^Fp, Gll^Fp, Gs^Fms, Gs^Fds, Gs^Fds, Gs^Fms, Gs^Fms, Gs^Fms, Gs^Fms, Gs^Fms, Gll^Fp, Gs^Fms, Gg, Gg, Gg, Gg, Gg, Gg, Rd, Rd, Rd, Rd, Gg, Gg, Gg, Gg, Gg, Gg, Gg, Rp, Ww^Bsb/, Ww, Wo, Ww, Ss, Ww^Ewf, Gg, Gg, Gg, Gg, Gg, Gg, Gg
Gs^Ftp, Gs^Ft, Gll^Ftr, Gg, Gg, Gs^Ftp, Gs^Ftp, Gs^Ftp, Gs^Ftp, Gs^Ftp, Gll^Fp, Gs^Ft, Gll^Fp, Gs^Fms, Gs^Fms, Gs^Fms, Gs^Fms, Gs^Ft, Gs^Fms, Gs^Fms, Gs^Fms, Gg^Fet, Gs^Fms, Gs^Fms, Gs^Fms, Gs^Ft, Gg, Gs^Fms, Gll^Fp, Gll^Fdf, Ww, Ww, Gs^Ft, Gs^Fds, Gll^Fp, Ww, Gll^Fp, Gs^Fms, Gll^Fp, Gs^Fds, Gll^Fmf, Gll^Fp, Gs^Fds, Gs^Fms, Gll^Fp, Gs^Fms, Gs^Fms, Gs^Fms, Gs^Fms, Gll^Fp, Gs^Fms, Gg, Gg, Gg, Gg, Gg, Rp, Gs^Fms, Gg, Gg, Gg, Rd, Rd, Rd, Rp, Rp, Rd, Rp, Gg, Gg, Gg, Ww, Ww, Ww, Ww^Ewf, Wwr, Gg, Gg, Gg, Gg, Gg, Gg
Gs^Ftp, Gs^Ftp, Gg, Gg^Fet, Gg, Gs^Ft, Gs^Ft, Gll^Fdf, Gs^Ftp, Gs^Fms, Gll^Fp, Gs^Ftp, Gs^Ft, Gll^Fp, Gs^Ft, Gs^Fms, Gs^Fms, Gs^Fms, Gs^Fms, Gll^Fp, Gs^Fms, Gll^Fp, Gs^Fms, Gs^Fms, Gs^Fds, Gs^Fms, Gg, Gg^Ve, Gs^Fms, Wwr, Wwr, Wwr, Gs^Fds, Gs^Fds, Gs^Fms, Gs^Fms, Gs^Fms, Gll^Fp, Gll^Fp, Gll^Fmf, Gs^Fds, Gll^Fmf, Gs^Fms, Gs^Fds, Gs^Fds, Gll^Fp, Gs^Fds, Gll^Fdf, Gll^Fdf, Gs^Fms, Gg, Gg, Gg, Gg, Gg, Gll^Fmf, Gll^Fmf, Gs^Fms, Gg, Gg, Gg, Gg, Gg, Gg, Gg, Gg, Rd, Gg, Gg, Gg, Gg, Ww, Ww, Ww, Ww, Ww^Ewl, Gg, Gg, Gs^Fds, Gll^Fmf, Gs^Fds, Gs^Fds
Gs^Ft, Gs^Ftp, Gs^Ft, Gg, Gs^Ftp, Gs^Ftp, Gs^Ft, Gs^Ft, Gs^Ftp, Gs^Ftp, Gs^Fms, Gll^Fp, Gs^Ftp, Gs^Fms, Gs^Fms, Gs^Ft, Gs^Fms, Gs^Fms, Gs^Ft, Gs^Fms, Gs^Ft, Gs^Fms, Gs^Fms, Gs^Fds, Ww, Ww, Ww, Gg, Ww, Ww, Gs^Fds, Gs^Fms, Gs^Fms, Gs^Fms, Gs^Ft, Gs^Fms, Gs^Fms, Gs^Fms, Gs^Fds, Gs^Fds, Gs^Fms, Gll^Fp, Gs^Fms, Gs^Fms, Gll^Fp, Gs^Fms, Gs^Fms, Gs^Fds, Gll^Fp, Gs^Fms, Gll^Fp, Gll^Fp, Gg, Gg, Gg, Gg, Gg, Gs^Fms, Gs^Fms, Gg, Gg, Gg, Gg, Gg, Gg, Gg, Gg, Gg, Gg, Gg, Gg, Ww, Ww, Wo, Wo, Ww, Ww, Gs^Fds, Ww^Ewl, Gs^Fds, Gg, Gg
Gs^Ftp, Gs^Ft, Gs^Ftp, Gs^Ft, Gs^Ftp, Gs^Ftp, Gs^Ftp, Gs^Ft, Gs^Ftp, Gs^Ftp, Gs^Ftp, Gs^Fms, Gll^Fp, Gs^Ftp, Gll^Fdf, Gs^Fms, Gs^Fms, Gs^Ft, Gs^Fms, Gs^Ft, Gs^Fms, Gs^Fms, Gs^Ft, Ww, Gs^Fms, Gs^Fms, Gs^Fms, Ww, Gs^Fms, Gs^Fds, Gs^Fms, Gs^Fds, Gs^Fms, Gs^Fds, Gs^Ft, Gs^Fds, Gs^Fms, Gs^Fms, Gs^Fms, Gs^Fms, Gs^Fms, Gs^Fms, Gs^Fms, Gg^Fet, Gs^Fms, Gll^Fp, Gll^Fp, Gs^Fms, Gll^Fp, Gll^Fp, Gll^Fp, Gll^Fp, Gg, Gg, Gg, Gg, Gll^Fmf, Gll^Fmf, Gs^Fms, Gs^Fms, Gs^Fms, Gg, Gg, Gg, Gg, Gg, Gg, Rd, Gg, Gg, Gg, Gg, Gg, Ww, Ww, Wo, Wo, Ww, Ww, Ww, Gg, Gg
Gs^Ftp, Gs^Ftp, Gs^Ftp, Gs^Ftp, Gs^Ftp, Gs^Ftp, Gs^Ftp, Gs^Ftp, Gs^Ftp, Gs^Ftp, Gs^Fms, Gg, Gs^Fms, Gs^Fms, Gs^Fms, Gs^Fms, Gs^Fms, Gs^Fms, Gs^Fms, Gs^Fms, Gs^Fms, Gs^Fms, Gs^Fms, Ww, Gs^Fms, Gs^Ft, Gs^Fms, Gs^Ft, Gs^Fms, Gll^Fp, Gs^Fms, Gs^Fms, Gs^Fms, Gs^Fms, Gs^Fms, Gs^Ft, Gs^Fms, Gs^Fms, Gs^Fms, Gs^Fms, Gs^Fms, Gs^Fms, Gs^Fms, Gs^Fms, Gs^Fms, Gs^Fms, Gs^Fms, Gs^Fms, Gs^Fms, Gll^Fp, Gg, Gll^Fp, Gs^Fds, Gs^Fds, Gs^Fds, Gs^Fms, Gs^Fms, Gs^Fms, Gg, Gs^Fms, Gg, Gs^Fms, Gg, Gg, Gg, Gg, Gg, Rd, Gg, Gg, Gg, Gg, Gg, Ww, Ww, Wo, Wo, Wo, Ww^Vm, Ww, Wwt, Gg
